<?xml version="1.0"?>
<link_info>
   <banner>MSP430 Linker PC v16.9.6.LTS</banner>
   <copyright>Copyright (c) 2003-2017 Texas Instruments Incorporated</copyright>
   <link_time>0x5ae54496</link_time>
   <link_errors>0x0</link_errors>
   <output_file>intermittent_k_nn_acc.out</output_file>
   <entry_point>
      <name>_c_int00_noargs_noexit_mpu</name>
      <address>0x74dc</address>
   </entry_point>
   <input_file_list>
      <input_file id="fl-2">
         <path>.\</path>
         <kind>object</kind>
         <file>actions_k_nn.obj</file>
         <name>actions_k_nn.obj</name>
      </input_file>
      <input_file id="fl-3">
         <path>.\</path>
         <kind>object</kind>
         <file>intermittent_learning.obj</file>
         <name>intermittent_learning.obj</name>
      </input_file>
      <input_file id="fl-4">
         <path>.\</path>
         <kind>object</kind>
         <file>memory_util.obj</file>
         <name>memory_util.obj</name>
      </input_file>
      <input_file id="fl-5">
         <path>.\driverlib\MSP430FR5xx_6xx\</path>
         <kind>object</kind>
         <file>adc12_b.obj</file>
         <name>adc12_b.obj</name>
      </input_file>
      <input_file id="fl-6">
         <path>.\driverlib\MSP430FR5xx_6xx\</path>
         <kind>object</kind>
         <file>aes256.obj</file>
         <name>aes256.obj</name>
      </input_file>
      <input_file id="fl-7">
         <path>.\driverlib\MSP430FR5xx_6xx\</path>
         <kind>object</kind>
         <file>comp_e.obj</file>
         <name>comp_e.obj</name>
      </input_file>
      <input_file id="fl-8">
         <path>.\driverlib\MSP430FR5xx_6xx\</path>
         <kind>object</kind>
         <file>crc.obj</file>
         <name>crc.obj</name>
      </input_file>
      <input_file id="fl-9">
         <path>.\driverlib\MSP430FR5xx_6xx\</path>
         <kind>object</kind>
         <file>crc32.obj</file>
         <name>crc32.obj</name>
      </input_file>
      <input_file id="fl-a">
         <path>.\driverlib\MSP430FR5xx_6xx\</path>
         <kind>object</kind>
         <file>cs.obj</file>
         <name>cs.obj</name>
      </input_file>
      <input_file id="fl-b">
         <path>.\driverlib\MSP430FR5xx_6xx\</path>
         <kind>object</kind>
         <file>dma.obj</file>
         <name>dma.obj</name>
      </input_file>
      <input_file id="fl-c">
         <path>.\driverlib\MSP430FR5xx_6xx\</path>
         <kind>object</kind>
         <file>esi.obj</file>
         <name>esi.obj</name>
      </input_file>
      <input_file id="fl-d">
         <path>.\driverlib\MSP430FR5xx_6xx\</path>
         <kind>object</kind>
         <file>eusci_a_spi.obj</file>
         <name>eusci_a_spi.obj</name>
      </input_file>
      <input_file id="fl-e">
         <path>.\driverlib\MSP430FR5xx_6xx\</path>
         <kind>object</kind>
         <file>eusci_a_uart.obj</file>
         <name>eusci_a_uart.obj</name>
      </input_file>
      <input_file id="fl-f">
         <path>.\driverlib\MSP430FR5xx_6xx\</path>
         <kind>object</kind>
         <file>eusci_b_i2c.obj</file>
         <name>eusci_b_i2c.obj</name>
      </input_file>
      <input_file id="fl-10">
         <path>.\driverlib\MSP430FR5xx_6xx\</path>
         <kind>object</kind>
         <file>eusci_b_spi.obj</file>
         <name>eusci_b_spi.obj</name>
      </input_file>
      <input_file id="fl-11">
         <path>.\driverlib\MSP430FR5xx_6xx\</path>
         <kind>object</kind>
         <file>framctl.obj</file>
         <name>framctl.obj</name>
      </input_file>
      <input_file id="fl-12">
         <path>.\driverlib\MSP430FR5xx_6xx\</path>
         <kind>object</kind>
         <file>framctl_a.obj</file>
         <name>framctl_a.obj</name>
      </input_file>
      <input_file id="fl-13">
         <path>.\driverlib\MSP430FR5xx_6xx\</path>
         <kind>object</kind>
         <file>gpio.obj</file>
         <name>gpio.obj</name>
      </input_file>
      <input_file id="fl-14">
         <path>.\driverlib\MSP430FR5xx_6xx\</path>
         <kind>object</kind>
         <file>hspll.obj</file>
         <name>hspll.obj</name>
      </input_file>
      <input_file id="fl-15">
         <path>.\driverlib\MSP430FR5xx_6xx\</path>
         <kind>object</kind>
         <file>lcd_c.obj</file>
         <name>lcd_c.obj</name>
      </input_file>
      <input_file id="fl-16">
         <path>.\driverlib\MSP430FR5xx_6xx\</path>
         <kind>object</kind>
         <file>mpu.obj</file>
         <name>mpu.obj</name>
      </input_file>
      <input_file id="fl-17">
         <path>.\driverlib\MSP430FR5xx_6xx\</path>
         <kind>object</kind>
         <file>mpy32.obj</file>
         <name>mpy32.obj</name>
      </input_file>
      <input_file id="fl-18">
         <path>.\driverlib\MSP430FR5xx_6xx\</path>
         <kind>object</kind>
         <file>mtif.obj</file>
         <name>mtif.obj</name>
      </input_file>
      <input_file id="fl-19">
         <path>.\driverlib\MSP430FR5xx_6xx\</path>
         <kind>object</kind>
         <file>pmm.obj</file>
         <name>pmm.obj</name>
      </input_file>
      <input_file id="fl-1a">
         <path>.\driverlib\MSP430FR5xx_6xx\</path>
         <kind>object</kind>
         <file>ram.obj</file>
         <name>ram.obj</name>
      </input_file>
      <input_file id="fl-1b">
         <path>.\driverlib\MSP430FR5xx_6xx\</path>
         <kind>object</kind>
         <file>ref_a.obj</file>
         <name>ref_a.obj</name>
      </input_file>
      <input_file id="fl-1c">
         <path>.\driverlib\MSP430FR5xx_6xx\</path>
         <kind>object</kind>
         <file>rtc_b.obj</file>
         <name>rtc_b.obj</name>
      </input_file>
      <input_file id="fl-1d">
         <path>.\driverlib\MSP430FR5xx_6xx\</path>
         <kind>object</kind>
         <file>rtc_c.obj</file>
         <name>rtc_c.obj</name>
      </input_file>
      <input_file id="fl-1e">
         <path>.\driverlib\MSP430FR5xx_6xx\</path>
         <kind>object</kind>
         <file>saph.obj</file>
         <name>saph.obj</name>
      </input_file>
      <input_file id="fl-1f">
         <path>.\driverlib\MSP430FR5xx_6xx\</path>
         <kind>object</kind>
         <file>sdhs.obj</file>
         <name>sdhs.obj</name>
      </input_file>
      <input_file id="fl-20">
         <path>.\driverlib\MSP430FR5xx_6xx\</path>
         <kind>object</kind>
         <file>sfr.obj</file>
         <name>sfr.obj</name>
      </input_file>
      <input_file id="fl-21">
         <path>.\driverlib\MSP430FR5xx_6xx\</path>
         <kind>object</kind>
         <file>sysctl.obj</file>
         <name>sysctl.obj</name>
      </input_file>
      <input_file id="fl-22">
         <path>.\driverlib\MSP430FR5xx_6xx\</path>
         <kind>object</kind>
         <file>timer_a.obj</file>
         <name>timer_a.obj</name>
      </input_file>
      <input_file id="fl-23">
         <path>.\driverlib\MSP430FR5xx_6xx\</path>
         <kind>object</kind>
         <file>timer_b.obj</file>
         <name>timer_b.obj</name>
      </input_file>
      <input_file id="fl-24">
         <path>.\driverlib\MSP430FR5xx_6xx\</path>
         <kind>object</kind>
         <file>tlv.obj</file>
         <name>tlv.obj</name>
      </input_file>
      <input_file id="fl-25">
         <path>.\driverlib\MSP430FR5xx_6xx\</path>
         <kind>object</kind>
         <file>uups.obj</file>
         <name>uups.obj</name>
      </input_file>
      <input_file id="fl-26">
         <path>.\driverlib\MSP430FR5xx_6xx\</path>
         <kind>object</kind>
         <file>wdt_a.obj</file>
         <name>wdt_a.obj</name>
      </input_file>
      <input_file id="fl-2d">
         <kind>object</kind>
         <file>&lt;internal&gt;</file>
         <name>&lt;internal&gt;</name>
      </input_file>
      <input_file id="fl-4d">
         <path>C:\ti\ccsv7\tools\compiler\ti-cgt-msp430_16.9.6.LTS\lib\</path>
         <kind>archive</kind>
         <file>rts430x_lc_ld_eabi.lib</file>
         <name>copy_decompress_lzss.obj</name>
      </input_file>
      <input_file id="fl-4e">
         <path>C:\ti\ccsv7\tools\compiler\ti-cgt-msp430_16.9.6.LTS\lib\</path>
         <kind>archive</kind>
         <file>rts430x_lc_ld_eabi.lib</file>
         <name>copy_decompress_none.obj</name>
      </input_file>
      <input_file id="fl-4f">
         <path>C:\ti\ccsv7\tools\compiler\ti-cgt-msp430_16.9.6.LTS\lib\</path>
         <kind>archive</kind>
         <file>rts430x_lc_ld_eabi.lib</file>
         <name>int18.obj</name>
      </input_file>
      <input_file id="fl-50">
         <path>C:\ti\ccsv7\tools\compiler\ti-cgt-msp430_16.9.6.LTS\lib\</path>
         <kind>archive</kind>
         <file>rts430x_lc_ld_eabi.lib</file>
         <name>isr_trap.obj</name>
      </input_file>
      <input_file id="fl-51">
         <path>C:\ti\ccsv7\tools\compiler\ti-cgt-msp430_16.9.6.LTS\lib\</path>
         <kind>archive</kind>
         <file>rts430x_lc_ld_eabi.lib</file>
         <name>int19.obj</name>
      </input_file>
      <input_file id="fl-52">
         <path>C:\ti\ccsv7\tools\compiler\ti-cgt-msp430_16.9.6.LTS\lib\</path>
         <kind>archive</kind>
         <file>rts430x_lc_ld_eabi.lib</file>
         <name>int20.obj</name>
      </input_file>
      <input_file id="fl-53">
         <path>C:\ti\ccsv7\tools\compiler\ti-cgt-msp430_16.9.6.LTS\lib\</path>
         <kind>archive</kind>
         <file>rts430x_lc_ld_eabi.lib</file>
         <name>int21.obj</name>
      </input_file>
      <input_file id="fl-54">
         <path>C:\ti\ccsv7\tools\compiler\ti-cgt-msp430_16.9.6.LTS\lib\</path>
         <kind>archive</kind>
         <file>rts430x_lc_ld_eabi.lib</file>
         <name>int22.obj</name>
      </input_file>
      <input_file id="fl-55">
         <path>C:\ti\ccsv7\tools\compiler\ti-cgt-msp430_16.9.6.LTS\lib\</path>
         <kind>archive</kind>
         <file>rts430x_lc_ld_eabi.lib</file>
         <name>int23.obj</name>
      </input_file>
      <input_file id="fl-56">
         <path>C:\ti\ccsv7\tools\compiler\ti-cgt-msp430_16.9.6.LTS\lib\</path>
         <kind>archive</kind>
         <file>rts430x_lc_ld_eabi.lib</file>
         <name>int24.obj</name>
      </input_file>
      <input_file id="fl-57">
         <path>C:\ti\ccsv7\tools\compiler\ti-cgt-msp430_16.9.6.LTS\lib\</path>
         <kind>archive</kind>
         <file>rts430x_lc_ld_eabi.lib</file>
         <name>int25.obj</name>
      </input_file>
      <input_file id="fl-58">
         <path>C:\ti\ccsv7\tools\compiler\ti-cgt-msp430_16.9.6.LTS\lib\</path>
         <kind>archive</kind>
         <file>rts430x_lc_ld_eabi.lib</file>
         <name>int26.obj</name>
      </input_file>
      <input_file id="fl-59">
         <path>C:\ti\ccsv7\tools\compiler\ti-cgt-msp430_16.9.6.LTS\lib\</path>
         <kind>archive</kind>
         <file>rts430x_lc_ld_eabi.lib</file>
         <name>int27.obj</name>
      </input_file>
      <input_file id="fl-5a">
         <path>C:\ti\ccsv7\tools\compiler\ti-cgt-msp430_16.9.6.LTS\lib\</path>
         <kind>archive</kind>
         <file>rts430x_lc_ld_eabi.lib</file>
         <name>int28.obj</name>
      </input_file>
      <input_file id="fl-5b">
         <path>C:\ti\ccsv7\tools\compiler\ti-cgt-msp430_16.9.6.LTS\lib\</path>
         <kind>archive</kind>
         <file>rts430x_lc_ld_eabi.lib</file>
         <name>int29.obj</name>
      </input_file>
      <input_file id="fl-5c">
         <path>C:\ti\ccsv7\tools\compiler\ti-cgt-msp430_16.9.6.LTS\lib\</path>
         <kind>archive</kind>
         <file>rts430x_lc_ld_eabi.lib</file>
         <name>int30.obj</name>
      </input_file>
      <input_file id="fl-5d">
         <path>C:\ti\ccsv7\tools\compiler\ti-cgt-msp430_16.9.6.LTS\lib\</path>
         <kind>archive</kind>
         <file>rts430x_lc_ld_eabi.lib</file>
         <name>int31.obj</name>
      </input_file>
      <input_file id="fl-5e">
         <path>C:\ti\ccsv7\tools\compiler\ti-cgt-msp430_16.9.6.LTS\lib\</path>
         <kind>archive</kind>
         <file>rts430x_lc_ld_eabi.lib</file>
         <name>int32.obj</name>
      </input_file>
      <input_file id="fl-5f">
         <path>C:\ti\ccsv7\tools\compiler\ti-cgt-msp430_16.9.6.LTS\lib\</path>
         <kind>archive</kind>
         <file>rts430x_lc_ld_eabi.lib</file>
         <name>int33.obj</name>
      </input_file>
      <input_file id="fl-60">
         <path>C:\ti\ccsv7\tools\compiler\ti-cgt-msp430_16.9.6.LTS\lib\</path>
         <kind>archive</kind>
         <file>rts430x_lc_ld_eabi.lib</file>
         <name>int34.obj</name>
      </input_file>
      <input_file id="fl-61">
         <path>C:\ti\ccsv7\tools\compiler\ti-cgt-msp430_16.9.6.LTS\lib\</path>
         <kind>archive</kind>
         <file>rts430x_lc_ld_eabi.lib</file>
         <name>int35.obj</name>
      </input_file>
      <input_file id="fl-62">
         <path>C:\ti\ccsv7\tools\compiler\ti-cgt-msp430_16.9.6.LTS\lib\</path>
         <kind>archive</kind>
         <file>rts430x_lc_ld_eabi.lib</file>
         <name>int36.obj</name>
      </input_file>
      <input_file id="fl-63">
         <path>C:\ti\ccsv7\tools\compiler\ti-cgt-msp430_16.9.6.LTS\lib\</path>
         <kind>archive</kind>
         <file>rts430x_lc_ld_eabi.lib</file>
         <name>int37.obj</name>
      </input_file>
      <input_file id="fl-64">
         <path>C:\ti\ccsv7\tools\compiler\ti-cgt-msp430_16.9.6.LTS\lib\</path>
         <kind>archive</kind>
         <file>rts430x_lc_ld_eabi.lib</file>
         <name>int38.obj</name>
      </input_file>
      <input_file id="fl-65">
         <path>C:\ti\ccsv7\tools\compiler\ti-cgt-msp430_16.9.6.LTS\lib\</path>
         <kind>archive</kind>
         <file>rts430x_lc_ld_eabi.lib</file>
         <name>int40.obj</name>
      </input_file>
      <input_file id="fl-66">
         <path>C:\ti\ccsv7\tools\compiler\ti-cgt-msp430_16.9.6.LTS\lib\</path>
         <kind>archive</kind>
         <file>rts430x_lc_ld_eabi.lib</file>
         <name>int41.obj</name>
      </input_file>
      <input_file id="fl-67">
         <path>C:\ti\ccsv7\tools\compiler\ti-cgt-msp430_16.9.6.LTS\lib\</path>
         <kind>archive</kind>
         <file>rts430x_lc_ld_eabi.lib</file>
         <name>int42.obj</name>
      </input_file>
      <input_file id="fl-68">
         <path>C:\ti\ccsv7\tools\compiler\ti-cgt-msp430_16.9.6.LTS\lib\</path>
         <kind>archive</kind>
         <file>rts430x_lc_ld_eabi.lib</file>
         <name>int43.obj</name>
      </input_file>
      <input_file id="fl-69">
         <path>C:\ti\ccsv7\tools\compiler\ti-cgt-msp430_16.9.6.LTS\lib\</path>
         <kind>archive</kind>
         <file>rts430x_lc_ld_eabi.lib</file>
         <name>int44.obj</name>
      </input_file>
      <input_file id="fl-6a">
         <path>C:\ti\ccsv7\tools\compiler\ti-cgt-msp430_16.9.6.LTS\lib\</path>
         <kind>archive</kind>
         <file>rts430x_lc_ld_eabi.lib</file>
         <name>int45.obj</name>
      </input_file>
      <input_file id="fl-6b">
         <path>C:\ti\ccsv7\tools\compiler\ti-cgt-msp430_16.9.6.LTS\lib\</path>
         <kind>archive</kind>
         <file>rts430x_lc_ld_eabi.lib</file>
         <name>int46.obj</name>
      </input_file>
      <input_file id="fl-6c">
         <path>C:\ti\ccsv7\tools\compiler\ti-cgt-msp430_16.9.6.LTS\lib\</path>
         <kind>archive</kind>
         <file>rts430x_lc_ld_eabi.lib</file>
         <name>int47.obj</name>
      </input_file>
      <input_file id="fl-6d">
         <path>C:\ti\ccsv7\tools\compiler\ti-cgt-msp430_16.9.6.LTS\lib\</path>
         <kind>archive</kind>
         <file>rts430x_lc_ld_eabi.lib</file>
         <name>int48.obj</name>
      </input_file>
      <input_file id="fl-6e">
         <path>C:\ti\ccsv7\tools\compiler\ti-cgt-msp430_16.9.6.LTS\lib\</path>
         <kind>archive</kind>
         <file>rts430x_lc_ld_eabi.lib</file>
         <name>int49.obj</name>
      </input_file>
      <input_file id="fl-6f">
         <path>C:\ti\ccsv7\tools\compiler\ti-cgt-msp430_16.9.6.LTS\lib\</path>
         <kind>archive</kind>
         <file>rts430x_lc_ld_eabi.lib</file>
         <name>int50.obj</name>
      </input_file>
      <input_file id="fl-70">
         <path>C:\ti\ccsv7\tools\compiler\ti-cgt-msp430_16.9.6.LTS\lib\</path>
         <kind>archive</kind>
         <file>rts430x_lc_ld_eabi.lib</file>
         <name>int51.obj</name>
      </input_file>
      <input_file id="fl-71">
         <path>C:\ti\ccsv7\tools\compiler\ti-cgt-msp430_16.9.6.LTS\lib\</path>
         <kind>archive</kind>
         <file>rts430x_lc_ld_eabi.lib</file>
         <name>int52.obj</name>
      </input_file>
      <input_file id="fl-72">
         <path>C:\ti\ccsv7\tools\compiler\ti-cgt-msp430_16.9.6.LTS\lib\</path>
         <kind>archive</kind>
         <file>rts430x_lc_ld_eabi.lib</file>
         <name>int53.obj</name>
      </input_file>
      <input_file id="fl-73">
         <path>C:\ti\ccsv7\tools\compiler\ti-cgt-msp430_16.9.6.LTS\lib\</path>
         <kind>archive</kind>
         <file>rts430x_lc_ld_eabi.lib</file>
         <name>int54.obj</name>
      </input_file>
      <input_file id="fl-74">
         <path>C:\ti\ccsv7\tools\compiler\ti-cgt-msp430_16.9.6.LTS\lib\</path>
         <kind>archive</kind>
         <file>rts430x_lc_ld_eabi.lib</file>
         <name>copy_zero_init.obj</name>
      </input_file>
      <input_file id="fl-75">
         <path>C:\ti\ccsv7\tools\compiler\ti-cgt-msp430_16.9.6.LTS\lib\</path>
         <kind>archive</kind>
         <file>rts430x_lc_ld_eabi.lib</file>
         <name>fs_add.obj</name>
      </input_file>
      <input_file id="fl-76">
         <path>C:\ti\ccsv7\tools\compiler\ti-cgt-msp430_16.9.6.LTS\lib\</path>
         <kind>archive</kind>
         <file>rts430x_lc_ld_eabi.lib</file>
         <name>cmpd.obj</name>
      </input_file>
      <input_file id="fl-77">
         <path>C:\ti\ccsv7\tools\compiler\ti-cgt-msp430_16.9.6.LTS\lib\</path>
         <kind>archive</kind>
         <file>rts430x_lc_ld_eabi.lib</file>
         <name>fs_cmp.obj</name>
      </input_file>
      <input_file id="fl-78">
         <path>C:\ti\ccsv7\tools\compiler\ti-cgt-msp430_16.9.6.LTS\lib\</path>
         <kind>archive</kind>
         <file>rts430x_lc_ld_eabi.lib</file>
         <name>cvtdf.obj</name>
      </input_file>
      <input_file id="fl-79">
         <path>C:\ti\ccsv7\tools\compiler\ti-cgt-msp430_16.9.6.LTS\lib\</path>
         <kind>archive</kind>
         <file>rts430x_lc_ld_eabi.lib</file>
         <name>cvtfd.obj</name>
      </input_file>
      <input_file id="fl-7a">
         <path>C:\ti\ccsv7\tools\compiler\ti-cgt-msp430_16.9.6.LTS\lib\</path>
         <kind>archive</kind>
         <file>rts430x_lc_ld_eabi.lib</file>
         <name>fs_div.obj</name>
      </input_file>
      <input_file id="fl-7b">
         <path>C:\ti\ccsv7\tools\compiler\ti-cgt-msp430_16.9.6.LTS\lib\</path>
         <kind>archive</kind>
         <file>rts430x_lc_ld_eabi.lib</file>
         <name>div16s.obj</name>
      </input_file>
      <input_file id="fl-7c">
         <path>C:\ti\ccsv7\tools\compiler\ti-cgt-msp430_16.9.6.LTS\lib\</path>
         <kind>archive</kind>
         <file>rts430x_lc_ld_eabi.lib</file>
         <name>div32s.obj</name>
      </input_file>
      <input_file id="fl-7d">
         <path>C:\ti\ccsv7\tools\compiler\ti-cgt-msp430_16.9.6.LTS\lib\</path>
         <kind>archive</kind>
         <file>rts430x_lc_ld_eabi.lib</file>
         <name>div16u.obj</name>
      </input_file>
      <input_file id="fl-7e">
         <path>C:\ti\ccsv7\tools\compiler\ti-cgt-msp430_16.9.6.LTS\lib\</path>
         <kind>archive</kind>
         <file>rts430x_lc_ld_eabi.lib</file>
         <name>div32u.obj</name>
      </input_file>
      <input_file id="fl-7f">
         <path>C:\ti\ccsv7\tools\compiler\ti-cgt-msp430_16.9.6.LTS\lib\</path>
         <kind>archive</kind>
         <file>rts430x_lc_ld_eabi.lib</file>
         <name>fs_itof.obj</name>
      </input_file>
      <input_file id="fl-80">
         <path>C:\ti\ccsv7\tools\compiler\ti-cgt-msp430_16.9.6.LTS\lib\</path>
         <kind>archive</kind>
         <file>rts430x_lc_ld_eabi.lib</file>
         <name>fs_ltof.obj</name>
      </input_file>
      <input_file id="fl-81">
         <path>C:\ti\ccsv7\tools\compiler\ti-cgt-msp430_16.9.6.LTS\lib\</path>
         <kind>archive</kind>
         <file>rts430x_lc_ld_eabi.lib</file>
         <name>fltllif.obj</name>
      </input_file>
      <input_file id="fl-82">
         <path>C:\ti\ccsv7\tools\compiler\ti-cgt-msp430_16.9.6.LTS\lib\</path>
         <kind>archive</kind>
         <file>rts430x_lc_ld_eabi.lib</file>
         <name>fs_ultof.obj</name>
      </input_file>
      <input_file id="fl-83">
         <path>C:\ti\ccsv7\tools\compiler\ti-cgt-msp430_16.9.6.LTS\lib\</path>
         <kind>archive</kind>
         <file>rts430x_lc_ld_eabi.lib</file>
         <name>fs_mpy.obj</name>
      </input_file>
      <input_file id="fl-84">
         <path>C:\ti\ccsv7\tools\compiler\ti-cgt-msp430_16.9.6.LTS\lib\</path>
         <kind>archive</kind>
         <file>rts430x_lc_ld_eabi.lib</file>
         <name>mult16.obj</name>
      </input_file>
      <input_file id="fl-85">
         <path>C:\ti\ccsv7\tools\compiler\ti-cgt-msp430_16.9.6.LTS\lib\</path>
         <kind>archive</kind>
         <file>rts430x_lc_ld_eabi.lib</file>
         <name>mult16_f5hw.obj</name>
      </input_file>
      <input_file id="fl-86">
         <path>C:\ti\ccsv7\tools\compiler\ti-cgt-msp430_16.9.6.LTS\lib\</path>
         <kind>archive</kind>
         <file>rts430x_lc_ld_eabi.lib</file>
         <name>mult32.obj</name>
      </input_file>
      <input_file id="fl-87">
         <path>C:\ti\ccsv7\tools\compiler\ti-cgt-msp430_16.9.6.LTS\lib\</path>
         <kind>archive</kind>
         <file>rts430x_lc_ld_eabi.lib</file>
         <name>mult32_f5hw.obj</name>
      </input_file>
      <input_file id="fl-88">
         <path>C:\ti\ccsv7\tools\compiler\ti-cgt-msp430_16.9.6.LTS\lib\</path>
         <kind>archive</kind>
         <file>rts430x_lc_ld_eabi.lib</file>
         <name>mult64.obj</name>
      </input_file>
      <input_file id="fl-89">
         <path>C:\ti\ccsv7\tools\compiler\ti-cgt-msp430_16.9.6.LTS\lib\</path>
         <kind>archive</kind>
         <file>rts430x_lc_ld_eabi.lib</file>
         <name>mult64_f5hw.obj</name>
      </input_file>
      <input_file id="fl-8a">
         <path>C:\ti\ccsv7\tools\compiler\ti-cgt-msp430_16.9.6.LTS\lib\</path>
         <kind>archive</kind>
         <file>rts430x_lc_ld_eabi.lib</file>
         <name>mult1632_f5hw.obj</name>
      </input_file>
      <input_file id="fl-8b">
         <path>C:\ti\ccsv7\tools\compiler\ti-cgt-msp430_16.9.6.LTS\lib\</path>
         <kind>archive</kind>
         <file>rts430x_lc_ld_eabi.lib</file>
         <name>mult3264.obj</name>
      </input_file>
      <input_file id="fl-8c">
         <path>C:\ti\ccsv7\tools\compiler\ti-cgt-msp430_16.9.6.LTS\lib\</path>
         <kind>archive</kind>
         <file>rts430x_lc_ld_eabi.lib</file>
         <name>mult3264_f5hw.obj</name>
      </input_file>
      <input_file id="fl-8d">
         <path>C:\ti\ccsv7\tools\compiler\ti-cgt-msp430_16.9.6.LTS\lib\</path>
         <kind>archive</kind>
         <file>rts430x_lc_ld_eabi.lib</file>
         <name>mult1632.obj</name>
      </input_file>
      <input_file id="fl-8e">
         <path>C:\ti\ccsv7\tools\compiler\ti-cgt-msp430_16.9.6.LTS\lib\</path>
         <kind>archive</kind>
         <file>rts430x_lc_ld_eabi.lib</file>
         <name>lsl16.obj</name>
      </input_file>
      <input_file id="fl-8f">
         <path>C:\ti\ccsv7\tools\compiler\ti-cgt-msp430_16.9.6.LTS\lib\</path>
         <kind>archive</kind>
         <file>rts430x_lc_ld_eabi.lib</file>
         <name>lsl32.obj</name>
      </input_file>
      <input_file id="fl-90">
         <path>C:\ti\ccsv7\tools\compiler\ti-cgt-msp430_16.9.6.LTS\lib\</path>
         <kind>archive</kind>
         <file>rts430x_lc_ld_eabi.lib</file>
         <name>asr16.obj</name>
      </input_file>
      <input_file id="fl-91">
         <path>C:\ti\ccsv7\tools\compiler\ti-cgt-msp430_16.9.6.LTS\lib\</path>
         <kind>archive</kind>
         <file>rts430x_lc_ld_eabi.lib</file>
         <name>asr32.obj</name>
      </input_file>
      <input_file id="fl-92">
         <path>C:\ti\ccsv7\tools\compiler\ti-cgt-msp430_16.9.6.LTS\lib\</path>
         <kind>archive</kind>
         <file>rts430x_lc_ld_eabi.lib</file>
         <name>lsr64.obj</name>
      </input_file>
      <input_file id="fl-93">
         <path>C:\ti\ccsv7\tools\compiler\ti-cgt-msp430_16.9.6.LTS\lib\</path>
         <kind>archive</kind>
         <file>rts430x_lc_ld_eabi.lib</file>
         <name>boot.obj</name>
      </input_file>
      <input_file id="fl-94">
         <path>C:\ti\ccsv7\tools\compiler\ti-cgt-msp430_16.9.6.LTS\lib\</path>
         <kind>archive</kind>
         <file>rts430x_lc_ld_eabi.lib</file>
         <name>args_main.obj</name>
      </input_file>
      <input_file id="fl-95">
         <path>C:\ti\ccsv7\tools\compiler\ti-cgt-msp430_16.9.6.LTS\lib\</path>
         <kind>archive</kind>
         <file>rts430x_lc_ld_eabi.lib</file>
         <name>autoinit_wdt.obj</name>
      </input_file>
      <input_file id="fl-96">
         <path>C:\ti\ccsv7\tools\compiler\ti-cgt-msp430_16.9.6.LTS\lib\</path>
         <kind>archive</kind>
         <file>rts430x_lc_ld_eabi.lib</file>
         <name>boot_special.obj</name>
      </input_file>
      <input_file id="fl-97">
         <path>C:\ti\ccsv7\ccs_base\msp430\lib\FR59xx\</path>
         <kind>archive</kind>
         <file>MSPMPU_INIT_LIB_CCS_msp430_large_code_large_data.lib</file>
         <name>mpu_init.o</name>
      </input_file>
      <input_file id="fl-98">
         <path>C:\ti\ccsv7\tools\compiler\ti-cgt-msp430_16.9.6.LTS\lib\</path>
         <kind>archive</kind>
         <file>rts430x_lc_ld_eabi.lib</file>
         <name>startup.obj</name>
      </input_file>
      <input_file id="fl-99">
         <path>C:\ti\ccsv7\tools\compiler\ti-cgt-msp430_16.9.6.LTS\lib\</path>
         <kind>archive</kind>
         <file>rts430x_lc_ld_eabi.lib</file>
         <name>pre_init.obj</name>
      </input_file>
      <input_file id="fl-9a">
         <path>C:\ti\ccsv7\tools\compiler\ti-cgt-msp430_16.9.6.LTS\lib\</path>
         <kind>archive</kind>
         <file>rts430x_lc_ld_eabi.lib</file>
         <name>exit.obj</name>
      </input_file>
      <input_file id="fl-9b">
         <path>C:\ti\ccsv7\tools\compiler\ti-cgt-msp430_16.9.6.LTS\lib\</path>
         <kind>archive</kind>
         <file>rts430x_lc_ld_eabi.lib</file>
         <name>exit_gvars.obj</name>
      </input_file>
      <input_file id="fl-9c">
         <path>C:\ti\ccsv7\tools\compiler\ti-cgt-msp430_16.9.6.LTS\lib\</path>
         <kind>archive</kind>
         <file>rts430x_lc_ld_eabi.lib</file>
         <name>_lock.obj</name>
      </input_file>
      <input_file id="fl-9d">
         <path>C:\ti\ccsv7\tools\compiler\ti-cgt-msp430_16.9.6.LTS\lib\</path>
         <kind>archive</kind>
         <file>rts430x_lc_ld_eabi.lib</file>
         <name>abs.obj</name>
      </input_file>
      <input_file id="fl-9e">
         <path>C:\ti\ccsv7\tools\compiler\ti-cgt-msp430_16.9.6.LTS\lib\</path>
         <kind>archive</kind>
         <file>rts430x_lc_ld_eabi.lib</file>
         <name>cpy_tbl.obj</name>
      </input_file>
      <input_file id="fl-9f">
         <path>C:\ti\ccsv7\tools\compiler\ti-cgt-msp430_16.9.6.LTS\lib\</path>
         <kind>archive</kind>
         <file>rts430x_lc_ld_eabi.lib</file>
         <name>memcpy.obj</name>
      </input_file>
      <input_file id="fl-a0">
         <path>C:\ti\ccsv7\tools\compiler\ti-cgt-msp430_16.9.6.LTS\lib\</path>
         <kind>archive</kind>
         <file>rts430x_lc_ld_eabi.lib</file>
         <name>memset.obj</name>
      </input_file>
      <input_file id="fl-a1">
         <path>C:\ti\ccsv7\tools\compiler\ti-cgt-msp430_16.9.6.LTS\lib\</path>
         <kind>archive</kind>
         <file>rts430x_lc_ld_eabi.lib</file>
         <name>e_sqrt.obj</name>
      </input_file>
      <input_file id="fl-a2">
         <path>C:\ti\ccsv7\tools\compiler\ti-cgt-msp430_16.9.6.LTS\lib\</path>
         <kind>archive</kind>
         <file>rts430x_lc_ld_eabi.lib</file>
         <name>addd.obj</name>
      </input_file>
      <input_file id="fl-a3">
         <path>C:\ti\ccsv7\tools\compiler\ti-cgt-msp430_16.9.6.LTS\lib\</path>
         <kind>archive</kind>
         <file>rts430x_lc_ld_eabi.lib</file>
         <name>frcaddd.obj</name>
      </input_file>
      <input_file id="fl-a4">
         <path>C:\ti\ccsv7\tools\compiler\ti-cgt-msp430_16.9.6.LTS\lib\</path>
         <kind>archive</kind>
         <file>rts430x_lc_ld_eabi.lib</file>
         <name>renormd.obj</name>
      </input_file>
      <input_file id="fl-a5">
         <path>C:\ti\ccsv7\tools\compiler\ti-cgt-msp430_16.9.6.LTS\lib\</path>
         <kind>archive</kind>
         <file>rts430x_lc_ld_eabi.lib</file>
         <name>mpyd.obj</name>
      </input_file>
      <input_file id="fl-a6">
         <path>C:\ti\ccsv7\tools\compiler\ti-cgt-msp430_16.9.6.LTS\lib\</path>
         <kind>archive</kind>
         <file>rts430x_lc_ld_eabi.lib</file>
         <name>frcmpyd.obj</name>
      </input_file>
      <input_file id="fl-a7">
         <path>C:\ti\ccsv7\tools\compiler\ti-cgt-msp430_16.9.6.LTS\lib\</path>
         <kind>archive</kind>
         <file>rts430x_lc_ld_eabi.lib</file>
         <name>lsr32.obj</name>
      </input_file>
      <input_file id="fl-a8">
         <path>C:\ti\ccsv7\tools\compiler\ti-cgt-msp430_16.9.6.LTS\lib\</path>
         <kind>archive</kind>
         <file>rts430x_lc_ld_eabi.lib</file>
         <name>errno.obj</name>
      </input_file>
   </input_file_list>
   <object_component_list>
      <object_component id="oc-a88">
         <name>.TI.persistent:features</name>
         <load_address>0x10000</load_address>
         <run_address>0x10000</run_address>
         <size>0x8000</size>
         <input_file_ref idref="fl-2"/>
      </object_component>
      <object_component id="oc-a9d">
         <name>.TI.persistent:normalized_features</name>
         <load_address>0x18000</load_address>
         <run_address>0x18000</run_address>
         <size>0x8000</size>
         <input_file_ref idref="fl-2"/>
      </object_component>
      <object_component id="oc-9f5">
         <name>.TI.persistent:acc</name>
         <load_address>0x20000</load_address>
         <run_address>0x20000</run_address>
         <size>0x960</size>
         <input_file_ref idref="fl-2"/>
      </object_component>
      <object_component id="oc-7cf">
         <name>.TI.persistent:actions</name>
         <load_address>0x20960</load_address>
         <run_address>0x20960</run_address>
         <size>0x200</size>
         <input_file_ref idref="fl-3"/>
      </object_component>
      <object_component id="oc-a52">
         <name>.TI.persistent:mag_sqrt</name>
         <load_address>0x20b60</load_address>
         <run_address>0x20b60</run_address>
         <size>0x28</size>
         <input_file_ref idref="fl-2"/>
      </object_component>
      <object_component id="oc-a95">
         <name>.TI.persistent:features_max</name>
         <load_address>0x20b88</load_address>
         <run_address>0x20b88</run_address>
         <size>0x20</size>
         <input_file_ref idref="fl-2"/>
      </object_component>
      <object_component id="oc-a92">
         <name>.TI.persistent:features_min</name>
         <load_address>0x20ba8</load_address>
         <run_address>0x20ba8</run_address>
         <size>0x20</size>
         <input_file_ref idref="fl-2"/>
      </object_component>
      <object_component id="oc-8b9">
         <name>.TI.persistent</name>
         <load_address>0x20bc8</load_address>
         <run_address>0x20bc8</run_address>
         <size>0xe</size>
         <input_file_ref idref="fl-3"/>
      </object_component>
      <object_component id="oc-9da">
         <name>.TI.persistent</name>
         <load_address>0x20bd6</load_address>
         <run_address>0x20bd6</run_address>
         <size>0x8</size>
         <input_file_ref idref="fl-2"/>
      </object_component>
      <object_component id="oc-be8">
         <name>.cinit..data.load</name>
         <load_address>0x7502</load_address>
         <run_address>0x7502</run_address>
         <size>0x3a</size>
      </object_component>
      <object_component id="oc-be5">
         <name>__TI_handler_table</name>
         <load_address>0x753c</load_address>
         <run_address>0x753c</run_address>
         <size>0xc</size>
      </object_component>
      <object_component id="oc-be7">
         <name>.cinit..bss.load</name>
         <load_address>0x7548</load_address>
         <run_address>0x7548</run_address>
         <size>0x6</size>
      </object_component>
      <object_component id="oc-be6">
         <name>__TI_cinit_table</name>
         <load_address>0x754e</load_address>
         <run_address>0x754e</run_address>
         <size>0x10</size>
      </object_component>
      <object_component id="oc-b80">
         <name>.binit</name>
         <load_address>0x4000</load_address>
         <run_address>0x4000</run_address>
         <size>0x0</size>
      </object_component>
      <object_component id="oc-6f4">
         <name>.text:_isr:Port_1</name>
         <load_address>0x749e</load_address>
         <run_address>0x749e</run_address>
         <size>0x3e</size>
         <input_file_ref idref="fl-3"/>
      </object_component>
      <object_component id="oc-d3">
         <name>.text:_isr:_c_int00_noargs_noexit_mpu</name>
         <load_address>0x74dc</load_address>
         <run_address>0x74dc</run_address>
         <size>0x1e</size>
         <input_file_ref idref="fl-96"/>
      </object_component>
      <object_component id="oc-6ef">
         <name>.text:_isr:__TI_ISR_TRAP</name>
         <load_address>0x74fa</load_address>
         <run_address>0x74fa</run_address>
         <size>0x8</size>
         <input_file_ref idref="fl-50"/>
      </object_component>
      <object_component id="oc-a14">
         <name>.const:$P$T6$8</name>
         <load_address>0x73c6</load_address>
         <run_address>0x73c6</run_address>
         <size>0x50</size>
         <input_file_ref idref="fl-2"/>
      </object_component>
      <object_component id="oc-a55">
         <name>.const:$P$T2$4</name>
         <load_address>0x7416</load_address>
         <run_address>0x7416</run_address>
         <size>0x20</size>
         <input_file_ref idref="fl-2"/>
      </object_component>
      <object_component id="oc-a8c">
         <name>.const:$P$T3$5</name>
         <load_address>0x7436</load_address>
         <run_address>0x7436</run_address>
         <size>0x20</size>
         <input_file_ref idref="fl-2"/>
      </object_component>
      <object_component id="oc-a8f">
         <name>.const:$P$T4$6</name>
         <load_address>0x7456</load_address>
         <run_address>0x7456</run_address>
         <size>0x20</size>
         <input_file_ref idref="fl-2"/>
      </object_component>
      <object_component id="oc-7e1">
         <name>.const:GPIO_PORT_TO_BASE</name>
         <load_address>0x7476</load_address>
         <run_address>0x7476</run_address>
         <size>0x1c</size>
         <input_file_ref idref="fl-13"/>
      </object_component>
      <object_component id="oc-aa3">
         <name>.const:$P$T5$7</name>
         <load_address>0x7492</load_address>
         <run_address>0x7492</run_address>
         <size>0xc</size>
         <input_file_ref idref="fl-2"/>
      </object_component>
      <object_component id="oc-acf">
         <name>.text:sqrt</name>
         <load_address>0x4000</load_address>
         <run_address>0x4000</run_address>
         <size>0x2e8</size>
         <input_file_ref idref="fl-a1"/>
      </object_component>
      <object_component id="oc-b1d">
         <name>.text:__mspabi_addd</name>
         <load_address>0x42e8</load_address>
         <run_address>0x42e8</run_address>
         <size>0x2d8</size>
         <input_file_ref idref="fl-a2"/>
      </object_component>
      <object_component id="oc-7a0">
         <name>.text:init_actions</name>
         <load_address>0x45c0</load_address>
         <run_address>0x45c0</run_address>
         <size>0x2c6</size>
         <input_file_ref idref="fl-3"/>
      </object_component>
      <object_component id="oc-948">
         <name>.text:sense</name>
         <load_address>0x4886</load_address>
         <run_address>0x4886</run_address>
         <size>0x290</size>
         <input_file_ref idref="fl-2"/>
      </object_component>
      <object_component id="oc-b4a">
         <name>.text:__TI_frcmpyd</name>
         <load_address>0x4b16</load_address>
         <run_address>0x4b16</run_address>
         <size>0x286</size>
         <input_file_ref idref="fl-a6"/>
      </object_component>
      <object_component id="oc-b17">
         <name>.text:__mspabi_mpyd</name>
         <load_address>0x4d9c</load_address>
         <run_address>0x4d9c</run_address>
         <size>0x282</size>
         <input_file_ref idref="fl-a5"/>
      </object_component>
      <object_component id="oc-b52">
         <name>.text:__TI_frcaddd</name>
         <load_address>0x501e</load_address>
         <run_address>0x501e</run_address>
         <size>0x252</size>
         <input_file_ref idref="fl-a3"/>
      </object_component>
      <object_component id="oc-a06">
         <name>.text:feature_extract</name>
         <load_address>0x5270</load_address>
         <run_address>0x5270</run_address>
         <size>0x20a</size>
         <input_file_ref idref="fl-2"/>
      </object_component>
      <object_component id="oc-7c9">
         <name>.text:DAP</name>
         <load_address>0x547a</load_address>
         <run_address>0x547a</run_address>
         <size>0x202</size>
         <input_file_ref idref="fl-3"/>
      </object_component>
      <object_component id="oc-a0d">
         <name>.text:normalization</name>
         <load_address>0x567c</load_address>
         <run_address>0x567c</run_address>
         <size>0x200</size>
         <input_file_ref idref="fl-2"/>
      </object_component>
      <object_component id="oc-a17">
         <name>.text:getAss</name>
         <load_address>0x587c</load_address>
         <run_address>0x587c</run_address>
         <size>0x174</size>
         <input_file_ref idref="fl-2"/>
      </object_component>
      <object_component id="oc-8cd">
         <name>.text:state_diagram</name>
         <load_address>0x59f0</load_address>
         <run_address>0x59f0</run_address>
         <size>0x15e</size>
         <input_file_ref idref="fl-3"/>
      </object_component>
      <object_component id="oc-a98">
         <name>.text</name>
         <load_address>0x5b4e</load_address>
         <run_address>0x5b4e</run_address>
         <size>0x132</size>
         <input_file_ref idref="fl-75"/>
      </object_component>
      <object_component id="oc-abe">
         <name>.text:__mspabi_fltllif</name>
         <load_address>0x5c80</load_address>
         <run_address>0x5c80</run_address>
         <size>0x100</size>
         <input_file_ref idref="fl-81"/>
      </object_component>
      <object_component id="oc-93d">
         <name>.text:__mspabi_cmpd</name>
         <load_address>0x5d80</load_address>
         <run_address>0x5d80</run_address>
         <size>0xd8</size>
         <input_file_ref idref="fl-76"/>
      </object_component>
      <object_component id="oc-a5e">
         <name>.text:get_SD</name>
         <load_address>0x5e58</load_address>
         <run_address>0x5e58</run_address>
         <size>0xbe</size>
         <input_file_ref idref="fl-2"/>
      </object_component>
      <object_component id="oc-aca">
         <name>.text</name>
         <load_address>0x5f16</load_address>
         <run_address>0x5f16</run_address>
         <size>0xb8</size>
         <input_file_ref idref="fl-83"/>
      </object_component>
      <object_component id="oc-b6d">
         <name>.text:__TI_renormd</name>
         <load_address>0x5fce</load_address>
         <run_address>0x5fce</run_address>
         <size>0xb2</size>
         <input_file_ref idref="fl-a4"/>
      </object_component>
      <object_component id="oc-a70">
         <name>.text:get_P2P</name>
         <load_address>0x6080</load_address>
         <run_address>0x6080</run_address>
         <size>0xb0</size>
         <input_file_ref idref="fl-2"/>
      </object_component>
      <object_component id="oc-a26">
         <name>.text:single_normalization</name>
         <load_address>0x6130</load_address>
         <run_address>0x6130</run_address>
         <size>0xaa</size>
         <input_file_ref idref="fl-2"/>
      </object_component>
      <object_component id="oc-707">
         <name>.text:_auto_init_hold_wdt</name>
         <load_address>0x61da</load_address>
         <run_address>0x61da</run_address>
         <size>0xa6</size>
         <input_file_ref idref="fl-95"/>
      </object_component>
      <object_component id="oc-8c1">
         <name>.text</name>
         <load_address>0x6280</load_address>
         <run_address>0x6280</run_address>
         <size>0x90</size>
         <input_file_ref idref="fl-7a"/>
      </object_component>
      <object_component id="oc-a76">
         <name>.text:get_ZCR</name>
         <load_address>0x6310</load_address>
         <run_address>0x6310</run_address>
         <size>0x8e</size>
         <input_file_ref idref="fl-2"/>
      </object_component>
      <object_component id="oc-74c">
         <name>.text:intermittent_learn</name>
         <load_address>0x639e</load_address>
         <run_address>0x639e</run_address>
         <size>0x8e</size>
         <input_file_ref idref="fl-3"/>
      </object_component>
      <object_component id="oc-ad5">
         <name>.text:__mspabi_cvtdf</name>
         <load_address>0x642c</load_address>
         <run_address>0x642c</run_address>
         <size>0x8c</size>
         <input_file_ref idref="fl-78"/>
      </object_component>
      <object_component id="oc-a58">
         <name>.text:get_mean</name>
         <load_address>0x64b8</load_address>
         <run_address>0x64b8</run_address>
         <size>0x8c</size>
         <input_file_ref idref="fl-2"/>
      </object_component>
      <object_component id="oc-a82">
         <name>.text:get_AAV_horizontal</name>
         <load_address>0x6544</load_address>
         <run_address>0x6544</run_address>
         <size>0x86</size>
         <input_file_ref idref="fl-2"/>
      </object_component>
      <object_component id="oc-a7c">
         <name>.text:get_AAV_vertical</name>
         <load_address>0x65ca</load_address>
         <run_address>0x65ca</run_address>
         <size>0x86</size>
         <input_file_ref idref="fl-2"/>
      </object_component>
      <object_component id="oc-aa6">
         <name>.text:get_distance</name>
         <load_address>0x6650</load_address>
         <run_address>0x6650</run_address>
         <size>0x86</size>
         <input_file_ref idref="fl-2"/>
      </object_component>
      <object_component id="oc-a1d">
         <name>.text:insertionFloat</name>
         <load_address>0x66d6</load_address>
         <run_address>0x66d6</run_address>
         <size>0x86</size>
         <input_file_ref idref="fl-2"/>
      </object_component>
      <object_component id="oc-a6a">
         <name>.text:get_RMS</name>
         <load_address>0x675c</load_address>
         <run_address>0x675c</run_address>
         <size>0x80</size>
         <input_file_ref idref="fl-2"/>
      </object_component>
      <object_component id="oc-988">
         <name>.text:learn2</name>
         <load_address>0x67dc</load_address>
         <run_address>0x67dc</run_address>
         <size>0x78</size>
         <input_file_ref idref="fl-2"/>
      </object_component>
      <object_component id="oc-7e">
         <name>.text:decompress:lzss:__TI_decompress_lzss</name>
         <load_address>0x6854</load_address>
         <run_address>0x6854</run_address>
         <size>0x76</size>
         <input_file_ref idref="fl-4d"/>
      </object_component>
      <object_component id="oc-79a">
         <name>.text:init_MCU</name>
         <load_address>0x68ca</load_address>
         <run_address>0x68ca</run_address>
         <size>0x74</size>
         <input_file_ref idref="fl-3"/>
      </object_component>
      <object_component id="oc-adc">
         <name>.text:insertionSort</name>
         <load_address>0x693e</load_address>
         <run_address>0x693e</run_address>
         <size>0x74</size>
         <input_file_ref idref="fl-2"/>
      </object_component>
      <object_component id="oc-a4c">
         <name>.text:SquareRoot</name>
         <load_address>0x69b2</load_address>
         <run_address>0x69b2</run_address>
         <size>0x72</size>
         <input_file_ref idref="fl-2"/>
      </object_component>
      <object_component id="oc-9a6">
         <name>.text:infer2</name>
         <load_address>0x6a24</load_address>
         <run_address>0x6a24</run_address>
         <size>0x70</size>
         <input_file_ref idref="fl-2"/>
      </object_component>
      <object_component id="oc-937">
         <name>.text:__mspabi_cvtfd</name>
         <load_address>0x6a94</load_address>
         <run_address>0x6a94</run_address>
         <size>0x6e</size>
         <input_file_ref idref="fl-79"/>
      </object_component>
      <object_component id="oc-76e">
         <name>.text:copy_in</name>
         <load_address>0x6b02</load_address>
         <run_address>0x6b02</run_address>
         <size>0x66</size>
         <input_file_ref idref="fl-9e"/>
      </object_component>
      <object_component id="oc-9e9">
         <name>.text:EUSCI_B_I2C_masterSendSingleByte</name>
         <load_address>0x6b68</load_address>
         <run_address>0x6b68</run_address>
         <size>0x5c</size>
         <input_file_ref idref="fl-f"/>
      </object_component>
      <object_component id="oc-aac">
         <name>.text:find_max</name>
         <load_address>0x6bc4</load_address>
         <run_address>0x6bc4</run_address>
         <size>0x4c</size>
         <input_file_ref idref="fl-2"/>
      </object_component>
      <object_component id="oc-7ac">
         <name>.text:GPIO_setAsInputPinWithPullDownResistor</name>
         <load_address>0x6c10</load_address>
         <run_address>0x6c10</run_address>
         <size>0x4a</size>
         <input_file_ref idref="fl-13"/>
      </object_component>
      <object_component id="oc-a64">
         <name>.text:get_median</name>
         <load_address>0x6c5a</load_address>
         <run_address>0x6c5a</run_address>
         <size>0x4a</size>
         <input_file_ref idref="fl-2"/>
      </object_component>
      <object_component id="oc-a2d">
         <name>.text</name>
         <load_address>0x6ca4</load_address>
         <run_address>0x6ca4</run_address>
         <size>0x4a</size>
         <input_file_ref idref="fl-77"/>
      </object_component>
      <object_component id="oc-8bc">
         <name>.text</name>
         <load_address>0x6cee</load_address>
         <run_address>0x6cee</run_address>
         <size>0x4a</size>
         <input_file_ref idref="fl-80"/>
      </object_component>
      <object_component id="oc-721">
         <name>.text:main</name>
         <load_address>0x6d38</load_address>
         <run_address>0x6d38</run_address>
         <size>0x46</size>
         <input_file_ref idref="fl-3"/>
      </object_component>
      <object_component id="oc-97a">
         <name>.text:extract</name>
         <load_address>0x6d7e</load_address>
         <run_address>0x6d7e</run_address>
         <size>0x42</size>
         <input_file_ref idref="fl-2"/>
      </object_component>
      <object_component id="oc-9c8">
         <name>.text:EUSCI_B_I2C_masterSendMultiByteStart</name>
         <load_address>0x6dc0</load_address>
         <run_address>0x6dc0</run_address>
         <size>0x40</size>
         <input_file_ref idref="fl-f"/>
      </object_component>
      <object_component id="oc-774">
         <name>.text:l_asr_const</name>
         <load_address>0x6e00</load_address>
         <run_address>0x6e00</run_address>
         <size>0x3e</size>
         <input_file_ref idref="fl-91"/>
      </object_component>
      <object_component id="oc-b3c">
         <name>.text:l_lsl_const</name>
         <load_address>0x6e3e</load_address>
         <run_address>0x6e3e</run_address>
         <size>0x3e</size>
         <input_file_ref idref="fl-8f"/>
      </object_component>
      <object_component id="oc-b26">
         <name>.text:l_lsr_const</name>
         <load_address>0x6e7c</load_address>
         <run_address>0x6e7c</run_address>
         <size>0x3e</size>
         <input_file_ref idref="fl-a7"/>
      </object_component>
      <object_component id="oc-b0d">
         <name>.text:__mspabi_srlll</name>
         <load_address>0x6eba</load_address>
         <run_address>0x6eba</run_address>
         <size>0x3a</size>
         <input_file_ref idref="fl-92"/>
      </object_component>
      <object_component id="oc-ac5">
         <name>.text</name>
         <load_address>0x6ef4</load_address>
         <run_address>0x6ef4</run_address>
         <size>0x36</size>
         <input_file_ref idref="fl-7f"/>
      </object_component>
      <object_component id="oc-7a6">
         <name>.text:GPIO_setAsOutputPin</name>
         <load_address>0x6f2a</load_address>
         <run_address>0x6f2a</run_address>
         <size>0x34</size>
         <input_file_ref idref="fl-13"/>
      </object_component>
      <object_component id="oc-9ce">
         <name>.text:EUSCI_B_I2C_masterSendMultiByteFinish</name>
         <load_address>0x6f5e</load_address>
         <run_address>0x6f5e</run_address>
         <size>0x32</size>
         <input_file_ref idref="fl-f"/>
      </object_component>
      <object_component id="oc-ae8">
         <name>.text</name>
         <load_address>0x6f90</load_address>
         <run_address>0x6f90</run_address>
         <size>0x32</size>
         <input_file_ref idref="fl-82"/>
      </object_component>
      <object_component id="oc-7b2">
         <name>.text:GPIO_selectInterruptEdge</name>
         <load_address>0x6fc2</load_address>
         <run_address>0x6fc2</run_address>
         <size>0x2e</size>
         <input_file_ref idref="fl-13"/>
      </object_component>
      <object_component id="oc-71a">
         <name>.text:__mpu_init</name>
         <load_address>0x6ff0</load_address>
         <run_address>0x6ff0</run_address>
         <size>0x2c</size>
         <input_file_ref idref="fl-97"/>
      </object_component>
      <object_component id="oc-a01">
         <name>.text</name>
         <load_address>0x701c</load_address>
         <run_address>0x701c</run_address>
         <size>0x2c</size>
         <input_file_ref idref="fl-7b"/>
      </object_component>
      <object_component id="oc-9a0">
         <name>.text:infer1</name>
         <load_address>0x7048</load_address>
         <run_address>0x7048</run_address>
         <size>0x2a</size>
         <input_file_ref idref="fl-2"/>
      </object_component>
      <object_component id="oc-6e2">
         <name>.text:memcpy</name>
         <load_address>0x7072</load_address>
         <run_address>0x7072</run_address>
         <size>0x2a</size>
         <input_file_ref idref="fl-9f"/>
      </object_component>
      <object_component id="oc-af">
         <name>.text:decompress:ZI:__TI_zero_init</name>
         <load_address>0x709c</load_address>
         <run_address>0x709c</run_address>
         <size>0x24</size>
         <input_file_ref idref="fl-74"/>
      </object_component>
      <object_component id="oc-ae3">
         <name>.text</name>
         <load_address>0x70c0</load_address>
         <run_address>0x70c0</run_address>
         <size>0x24</size>
         <input_file_ref idref="fl-87"/>
      </object_component>
      <object_component id="oc-9ef">
         <name>.text:EUSCI_B_I2C_masterReceiveSingleByte</name>
         <load_address>0x70e4</load_address>
         <run_address>0x70e4</run_address>
         <size>0x22</size>
         <input_file_ref idref="fl-f"/>
      </object_component>
      <object_component id="oc-a46">
         <name>.text:memset</name>
         <load_address>0x7106</load_address>
         <run_address>0x7106</run_address>
         <size>0x20</size>
         <input_file_ref idref="fl-a0"/>
      </object_component>
      <object_component id="oc-75e">
         <name>.text:GPIO_clearInterrupt</name>
         <load_address>0x7126</load_address>
         <run_address>0x7126</run_address>
         <size>0x1e</size>
         <input_file_ref idref="fl-13"/>
      </object_component>
      <object_component id="oc-7b8">
         <name>.text:GPIO_enableInterrupt</name>
         <load_address>0x7144</load_address>
         <run_address>0x7144</run_address>
         <size>0x1e</size>
         <input_file_ref idref="fl-13"/>
      </object_component>
      <object_component id="oc-8c6">
         <name>.text:fw</name>
         <load_address>0x7162</load_address>
         <run_address>0x7162</run_address>
         <size>0x1e</size>
         <input_file_ref idref="fl-4"/>
      </object_component>
      <object_component id="oc-764">
         <name>.text:GPIO_getInputPinValue</name>
         <load_address>0x7180</load_address>
         <run_address>0x7180</run_address>
         <size>0x1c</size>
         <input_file_ref idref="fl-13"/>
      </object_component>
      <object_component id="oc-752">
         <name>.text:GPIO_setOutputHighOnPin</name>
         <load_address>0x719c</load_address>
         <run_address>0x719c</run_address>
         <size>0x1c</size>
         <input_file_ref idref="fl-13"/>
      </object_component>
      <object_component id="oc-758">
         <name>.text:GPIO_setOutputLowOnPin</name>
         <load_address>0x71b8</load_address>
         <run_address>0x71b8</run_address>
         <size>0x1c</size>
         <input_file_ref idref="fl-13"/>
      </object_component>
      <object_component id="oc-931">
         <name>.text:fr</name>
         <load_address>0x71d4</load_address>
         <run_address>0x71d4</run_address>
         <size>0x1c</size>
         <input_file_ref idref="fl-4"/>
      </object_component>
      <object_component id="oc-972">
         <name>.text:learnable</name>
         <load_address>0x71f0</load_address>
         <run_address>0x71f0</run_address>
         <size>0x1a</size>
         <input_file_ref idref="fl-2"/>
      </object_component>
      <object_component id="oc-8b3">
         <name>.text:lr</name>
         <load_address>0x720a</load_address>
         <run_address>0x720a</run_address>
         <size>0x18</size>
         <input_file_ref idref="fl-4"/>
      </object_component>
      <object_component id="oc-7ed">
         <name>.text</name>
         <load_address>0x7222</load_address>
         <run_address>0x7222</run_address>
         <size>0x18</size>
         <input_file_ref idref="fl-85"/>
      </object_component>
      <object_component id="oc-84">
         <name>.text:decompress:none:__TI_decompress_none</name>
         <load_address>0x723a</load_address>
         <run_address>0x723a</run_address>
         <size>0x16</size>
         <input_file_ref idref="fl-4e"/>
      </object_component>
      <object_component id="oc-a40">
         <name>.text</name>
         <load_address>0x7250</load_address>
         <run_address>0x7250</run_address>
         <size>0x16</size>
         <input_file_ref idref="fl-7d"/>
      </object_component>
      <object_component id="oc-7d8">
         <name>.text:iw</name>
         <load_address>0x7266</load_address>
         <run_address>0x7266</run_address>
         <size>0x10</size>
         <input_file_ref idref="fl-4"/>
      </object_component>
      <object_component id="oc-b68">
         <name>.text:l_asr</name>
         <load_address>0x7276</load_address>
         <run_address>0x7276</run_address>
         <size>0x10</size>
         <input_file_ref idref="fl-91"/>
      </object_component>
      <object_component id="oc-b30">
         <name>.text:l_lsl</name>
         <load_address>0x7286</load_address>
         <run_address>0x7286</run_address>
         <size>0x10</size>
         <input_file_ref idref="fl-8f"/>
      </object_component>
      <object_component id="oc-b2b">
         <name>.text:l_lsr</name>
         <load_address>0x7296</load_address>
         <run_address>0x7296</run_address>
         <size>0x10</size>
         <input_file_ref idref="fl-a7"/>
      </object_component>
      <object_component id="oc-9c2">
         <name>.text:EUSCI_B_I2C_setMode</name>
         <load_address>0x72a6</load_address>
         <run_address>0x72a6</run_address>
         <size>0xe</size>
         <input_file_ref idref="fl-f"/>
      </object_component>
      <object_component id="oc-7d2">
         <name>.text:ir</name>
         <load_address>0x72b4</load_address>
         <run_address>0x72b4</run_address>
         <size>0xe</size>
         <input_file_ref idref="fl-4"/>
      </object_component>
      <object_component id="oc-9d4">
         <name>.text:EUSCI_B_I2C_isBusBusy</name>
         <load_address>0x72c2</load_address>
         <run_address>0x72c2</run_address>
         <size>0xc</size>
         <input_file_ref idref="fl-f"/>
      </object_component>
      <object_component id="oc-9bc">
         <name>.text:EUSCI_B_I2C_setSlaveAddress</name>
         <load_address>0x72ce</load_address>
         <run_address>0x72ce</run_address>
         <size>0xc</size>
         <input_file_ref idref="fl-f"/>
      </object_component>
      <object_component id="oc-982">
         <name>.text:learn1</name>
         <load_address>0x72da</load_address>
         <run_address>0x72da</run_address>
         <size>0xc</size>
         <input_file_ref idref="fl-2"/>
      </object_component>
      <object_component id="oc-af2">
         <name>.text:abs</name>
         <load_address>0x72e6</load_address>
         <run_address>0x72e6</run_address>
         <size>0xa</size>
         <input_file_ref idref="fl-9d"/>
      </object_component>
      <object_component id="oc-89c">
         <name>.text:get_evaluate</name>
         <load_address>0x72f0</load_address>
         <run_address>0x72f0</run_address>
         <size>0xa</size>
         <input_file_ref idref="fl-2"/>
      </object_component>
      <object_component id="oc-8a2">
         <name>.text:get_expect</name>
         <load_address>0x72fa</load_address>
         <run_address>0x72fa</run_address>
         <size>0xa</size>
         <input_file_ref idref="fl-2"/>
      </object_component>
      <object_component id="oc-890">
         <name>.text:get_extract</name>
         <load_address>0x7304</load_address>
         <run_address>0x7304</run_address>
         <size>0xa</size>
         <input_file_ref idref="fl-2"/>
      </object_component>
      <object_component id="oc-8a8">
         <name>.text:get_infer</name>
         <load_address>0x730e</load_address>
         <run_address>0x730e</run_address>
         <size>0xa</size>
         <input_file_ref idref="fl-2"/>
      </object_component>
      <object_component id="oc-896">
         <name>.text:get_learn</name>
         <load_address>0x7318</load_address>
         <run_address>0x7318</run_address>
         <size>0xa</size>
         <input_file_ref idref="fl-2"/>
      </object_component>
      <object_component id="oc-88a">
         <name>.text:get_learnable</name>
         <load_address>0x7322</load_address>
         <run_address>0x7322</run_address>
         <size>0xa</size>
         <input_file_ref idref="fl-2"/>
      </object_component>
      <object_component id="oc-884">
         <name>.text:get_pick</name>
         <load_address>0x732c</load_address>
         <run_address>0x732c</run_address>
         <size>0xa</size>
         <input_file_ref idref="fl-2"/>
      </object_component>
      <object_component id="oc-872">
         <name>.text:get_preprocess</name>
         <load_address>0x7336</load_address>
         <run_address>0x7336</run_address>
         <size>0xa</size>
         <input_file_ref idref="fl-2"/>
      </object_component>
      <object_component id="oc-878">
         <name>.text:get_select</name>
         <load_address>0x7340</load_address>
         <run_address>0x7340</run_address>
         <size>0xa</size>
         <input_file_ref idref="fl-2"/>
      </object_component>
      <object_component id="oc-866">
         <name>.text:get_sense</name>
         <load_address>0x734a</load_address>
         <run_address>0x734a</run_address>
         <size>0xa</size>
         <input_file_ref idref="fl-2"/>
      </object_component>
      <object_component id="oc-87e">
         <name>.text:get_store</name>
         <load_address>0x7354</load_address>
         <run_address>0x7354</run_address>
         <size>0xa</size>
         <input_file_ref idref="fl-2"/>
      </object_component>
      <object_component id="oc-9dd">
         <name>.text:EUSCI_B_I2C_disable</name>
         <load_address>0x735e</load_address>
         <run_address>0x735e</run_address>
         <size>0x6</size>
         <input_file_ref idref="fl-f"/>
      </object_component>
      <object_component id="oc-9e3">
         <name>.text:EUSCI_B_I2C_enable</name>
         <load_address>0x7364</load_address>
         <run_address>0x7364</run_address>
         <size>0x6</size>
         <input_file_ref idref="fl-f"/>
      </object_component>
      <object_component id="oc-81d">
         <name>.text:PMM_unlockLPM5</name>
         <load_address>0x736a</load_address>
         <run_address>0x736a</run_address>
         <size>0x6</size>
         <input_file_ref idref="fl-19"/>
      </object_component>
      <object_component id="oc-729">
         <name>.text:abort</name>
         <load_address>0x7370</load_address>
         <run_address>0x7370</run_address>
         <size>0x6</size>
         <input_file_ref idref="fl-9a"/>
      </object_component>
      <object_component id="oc-86c">
         <name>.text:lw</name>
         <load_address>0x7376</load_address>
         <run_address>0x7376</run_address>
         <size>0x6</size>
         <input_file_ref idref="fl-4"/>
      </object_component>
      <object_component id="oc-701">
         <name>.text:_system_pre_init</name>
         <load_address>0x737c</load_address>
         <run_address>0x737c</run_address>
         <size>0x4</size>
         <input_file_ref idref="fl-99"/>
      </object_component>
      <object_component id="oc-990">
         <name>.text:evaluate</name>
         <load_address>0x7380</load_address>
         <run_address>0x7380</run_address>
         <size>0x4</size>
         <input_file_ref idref="fl-2"/>
      </object_component>
      <object_component id="oc-998">
         <name>.text:expect</name>
         <load_address>0x7384</load_address>
         <run_address>0x7384</run_address>
         <size>0x4</size>
         <input_file_ref idref="fl-2"/>
      </object_component>
      <object_component id="oc-854">
         <name>.text:get_num_evaluate</name>
         <load_address>0x7388</load_address>
         <run_address>0x7388</run_address>
         <size>0x4</size>
         <input_file_ref idref="fl-2"/>
      </object_component>
      <object_component id="oc-85a">
         <name>.text:get_num_expect</name>
         <load_address>0x738c</load_address>
         <run_address>0x738c</run_address>
         <size>0x4</size>
         <input_file_ref idref="fl-2"/>
      </object_component>
      <object_component id="oc-848">
         <name>.text:get_num_extract</name>
         <load_address>0x7390</load_address>
         <run_address>0x7390</run_address>
         <size>0x4</size>
         <input_file_ref idref="fl-2"/>
      </object_component>
      <object_component id="oc-860">
         <name>.text:get_num_infer</name>
         <load_address>0x7394</load_address>
         <run_address>0x7394</run_address>
         <size>0x4</size>
         <input_file_ref idref="fl-2"/>
      </object_component>
      <object_component id="oc-84e">
         <name>.text:get_num_learn</name>
         <load_address>0x7398</load_address>
         <run_address>0x7398</run_address>
         <size>0x4</size>
         <input_file_ref idref="fl-2"/>
      </object_component>
      <object_component id="oc-842">
         <name>.text:get_num_learnable</name>
         <load_address>0x739c</load_address>
         <run_address>0x739c</run_address>
         <size>0x4</size>
         <input_file_ref idref="fl-2"/>
      </object_component>
      <object_component id="oc-83c">
         <name>.text:get_num_pick</name>
         <load_address>0x73a0</load_address>
         <run_address>0x73a0</run_address>
         <size>0x4</size>
         <input_file_ref idref="fl-2"/>
      </object_component>
      <object_component id="oc-82a">
         <name>.text:get_num_preprocess</name>
         <load_address>0x73a4</load_address>
         <run_address>0x73a4</run_address>
         <size>0x4</size>
         <input_file_ref idref="fl-2"/>
      </object_component>
      <object_component id="oc-830">
         <name>.text:get_num_select</name>
         <load_address>0x73a8</load_address>
         <run_address>0x73a8</run_address>
         <size>0x4</size>
         <input_file_ref idref="fl-2"/>
      </object_component>
      <object_component id="oc-824">
         <name>.text:get_num_sense</name>
         <load_address>0x73ac</load_address>
         <run_address>0x73ac</run_address>
         <size>0x4</size>
         <input_file_ref idref="fl-2"/>
      </object_component>
      <object_component id="oc-836">
         <name>.text:get_num_store</name>
         <load_address>0x73b0</load_address>
         <run_address>0x73b0</run_address>
         <size>0x4</size>
         <input_file_ref idref="fl-2"/>
      </object_component>
      <object_component id="oc-96a">
         <name>.text:pick</name>
         <load_address>0x73b4</load_address>
         <run_address>0x73b4</run_address>
         <size>0x4</size>
         <input_file_ref idref="fl-2"/>
      </object_component>
      <object_component id="oc-952">
         <name>.text:preprocess</name>
         <load_address>0x73b8</load_address>
         <run_address>0x73b8</run_address>
         <size>0x4</size>
         <input_file_ref idref="fl-2"/>
      </object_component>
      <object_component id="oc-95a">
         <name>.text:select</name>
         <load_address>0x73bc</load_address>
         <run_address>0x73bc</run_address>
         <size>0x4</size>
         <input_file_ref idref="fl-2"/>
      </object_component>
      <object_component id="oc-962">
         <name>.text:store</name>
         <load_address>0x73c0</load_address>
         <run_address>0x73c0</run_address>
         <size>0x4</size>
         <input_file_ref idref="fl-2"/>
      </object_component>
      <object_component id="oc-779">
         <name>.text:_system_post_cinit</name>
         <load_address>0x73c4</load_address>
         <run_address>0x73c4</run_address>
         <size>0x2</size>
         <input_file_ref idref="fl-98"/>
      </object_component>
      <object_component id="oc-9f8">
         <name>.common:acc_x</name>
         <uninitialized>true</uninitialized>
         <run_address>0x1c40</run_address>
         <size>0x2</size>
      </object_component>
      <object_component id="oc-9f9">
         <name>.common:acc_y</name>
         <uninitialized>true</uninitialized>
         <run_address>0x1c42</run_address>
         <size>0x2</size>
      </object_component>
      <object_component id="oc-9fa">
         <name>.common:acc_z</name>
         <uninitialized>true</uninitialized>
         <run_address>0x1c44</run_address>
         <size>0x2</size>
      </object_component>
      <object_component id="oc-aee">
         <name>.common:p2p</name>
         <uninitialized>true</uninitialized>
         <run_address>0x1c38</run_address>
         <size>0x4</size>
      </object_component>
      <object_component id="oc-af0">
         <name>.common:zcr</name>
         <uninitialized>true</uninitialized>
         <run_address>0x1c3c</run_address>
         <size>0x4</size>
      </object_component>
      <object_component id="oc-8cc">
         <name>.common:global_infer</name>
         <uninitialized>true</uninitialized>
         <run_address>0x1c46</run_address>
         <size>0x2</size>
      </object_component>
      <object_component id="oc-8fc">
         <name>.data:sense_</name>
         <load_address>0x1c2c</load_address>
         <run_address>0x1c2c</run_address>
         <size>0x4</size>
         <input_file_ref idref="fl-2"/>
      </object_component>
      <object_component id="oc-903">
         <name>.data:preprocess_</name>
         <load_address>0x1c24</load_address>
         <run_address>0x1c24</run_address>
         <size>0x4</size>
         <input_file_ref idref="fl-2"/>
      </object_component>
      <object_component id="oc-907">
         <name>.data:select_</name>
         <load_address>0x1c28</load_address>
         <run_address>0x1c28</run_address>
         <size>0x4</size>
         <input_file_ref idref="fl-2"/>
      </object_component>
      <object_component id="oc-90b">
         <name>.data:store_</name>
         <load_address>0x1c30</load_address>
         <run_address>0x1c30</run_address>
         <size>0x4</size>
         <input_file_ref idref="fl-2"/>
      </object_component>
      <object_component id="oc-90f">
         <name>.data:pick_</name>
         <load_address>0x1c20</load_address>
         <run_address>0x1c20</run_address>
         <size>0x4</size>
         <input_file_ref idref="fl-2"/>
      </object_component>
      <object_component id="oc-913">
         <name>.data:learnable_</name>
         <load_address>0x1c1c</load_address>
         <run_address>0x1c1c</run_address>
         <size>0x4</size>
         <input_file_ref idref="fl-2"/>
      </object_component>
      <object_component id="oc-917">
         <name>.data:extract_</name>
         <load_address>0x1c18</load_address>
         <run_address>0x1c18</run_address>
         <size>0x4</size>
         <input_file_ref idref="fl-2"/>
      </object_component>
      <object_component id="oc-91b">
         <name>.data:learn_</name>
         <load_address>0x1c08</load_address>
         <run_address>0x1c08</run_address>
         <size>0x8</size>
         <input_file_ref idref="fl-2"/>
      </object_component>
      <object_component id="oc-91f">
         <name>.data:evaluate_</name>
         <load_address>0x1c10</load_address>
         <run_address>0x1c10</run_address>
         <size>0x4</size>
         <input_file_ref idref="fl-2"/>
      </object_component>
      <object_component id="oc-923">
         <name>.data:expect_</name>
         <load_address>0x1c14</load_address>
         <run_address>0x1c14</run_address>
         <size>0x4</size>
         <input_file_ref idref="fl-2"/>
      </object_component>
      <object_component id="oc-927">
         <name>.data:infer_</name>
         <load_address>0x1c00</load_address>
         <run_address>0x1c00</run_address>
         <size>0x8</size>
         <input_file_ref idref="fl-2"/>
      </object_component>
      <object_component id="oc-9bb">
         <name>.data</name>
         <load_address>0x1c34</load_address>
         <run_address>0x1c34</run_address>
         <size>0x2</size>
         <input_file_ref idref="fl-2"/>
      </object_component>
      <object_component id="oc-b23">
         <name>.data</name>
         <load_address>0x1c36</load_address>
         <run_address>0x1c36</run_address>
         <size>0x2</size>
         <input_file_ref idref="fl-a8"/>
      </object_component>
      <object_component id="oc-6d3">
         <name>.stack</name>
         <uninitialized>true</uninitialized>
         <run_address>0x2b60</run_address>
         <size>0x4</size>
         <input_file_ref idref="fl-93"/>
      </object_component>
      <object_component id="oc-be9">
         <name>.stack</name>
         <uninitialized>true</uninitialized>
         <run_address>0x2b60</run_address>
         <size>0x0</size>
      </object_component>
      <object_component id="oc-8a">
         <name>.int18</name>
         <load_address>0xffb4</load_address>
         <run_address>0xffb4</run_address>
         <size>0x2</size>
         <input_file_ref idref="fl-4f"/>
      </object_component>
      <object_component id="oc-8b">
         <name>.int19</name>
         <load_address>0xffb6</load_address>
         <run_address>0xffb6</run_address>
         <size>0x2</size>
         <input_file_ref idref="fl-51"/>
      </object_component>
      <object_component id="oc-8c">
         <name>.int20</name>
         <load_address>0xffb8</load_address>
         <run_address>0xffb8</run_address>
         <size>0x2</size>
         <input_file_ref idref="fl-52"/>
      </object_component>
      <object_component id="oc-8d">
         <name>.int21</name>
         <load_address>0xffba</load_address>
         <run_address>0xffba</run_address>
         <size>0x2</size>
         <input_file_ref idref="fl-53"/>
      </object_component>
      <object_component id="oc-8e">
         <name>.int22</name>
         <load_address>0xffbc</load_address>
         <run_address>0xffbc</run_address>
         <size>0x2</size>
         <input_file_ref idref="fl-54"/>
      </object_component>
      <object_component id="oc-8f">
         <name>.int23</name>
         <load_address>0xffbe</load_address>
         <run_address>0xffbe</run_address>
         <size>0x2</size>
         <input_file_ref idref="fl-55"/>
      </object_component>
      <object_component id="oc-90">
         <name>.int24</name>
         <load_address>0xffc0</load_address>
         <run_address>0xffc0</run_address>
         <size>0x2</size>
         <input_file_ref idref="fl-56"/>
      </object_component>
      <object_component id="oc-91">
         <name>.int25</name>
         <load_address>0xffc2</load_address>
         <run_address>0xffc2</run_address>
         <size>0x2</size>
         <input_file_ref idref="fl-57"/>
      </object_component>
      <object_component id="oc-92">
         <name>.int26</name>
         <load_address>0xffc4</load_address>
         <run_address>0xffc4</run_address>
         <size>0x2</size>
         <input_file_ref idref="fl-58"/>
      </object_component>
      <object_component id="oc-93">
         <name>.int27</name>
         <load_address>0xffc6</load_address>
         <run_address>0xffc6</run_address>
         <size>0x2</size>
         <input_file_ref idref="fl-59"/>
      </object_component>
      <object_component id="oc-94">
         <name>.int28</name>
         <load_address>0xffc8</load_address>
         <run_address>0xffc8</run_address>
         <size>0x2</size>
         <input_file_ref idref="fl-5a"/>
      </object_component>
      <object_component id="oc-95">
         <name>.int29</name>
         <load_address>0xffca</load_address>
         <run_address>0xffca</run_address>
         <size>0x2</size>
         <input_file_ref idref="fl-5b"/>
      </object_component>
      <object_component id="oc-96">
         <name>.int30</name>
         <load_address>0xffcc</load_address>
         <run_address>0xffcc</run_address>
         <size>0x2</size>
         <input_file_ref idref="fl-5c"/>
      </object_component>
      <object_component id="oc-97">
         <name>.int31</name>
         <load_address>0xffce</load_address>
         <run_address>0xffce</run_address>
         <size>0x2</size>
         <input_file_ref idref="fl-5d"/>
      </object_component>
      <object_component id="oc-98">
         <name>.int32</name>
         <load_address>0xffd0</load_address>
         <run_address>0xffd0</run_address>
         <size>0x2</size>
         <input_file_ref idref="fl-5e"/>
      </object_component>
      <object_component id="oc-99">
         <name>.int33</name>
         <load_address>0xffd2</load_address>
         <run_address>0xffd2</run_address>
         <size>0x2</size>
         <input_file_ref idref="fl-5f"/>
      </object_component>
      <object_component id="oc-9a">
         <name>.int34</name>
         <load_address>0xffd4</load_address>
         <run_address>0xffd4</run_address>
         <size>0x2</size>
         <input_file_ref idref="fl-60"/>
      </object_component>
      <object_component id="oc-9b">
         <name>.int35</name>
         <load_address>0xffd6</load_address>
         <run_address>0xffd6</run_address>
         <size>0x2</size>
         <input_file_ref idref="fl-61"/>
      </object_component>
      <object_component id="oc-9c">
         <name>.int36</name>
         <load_address>0xffd8</load_address>
         <run_address>0xffd8</run_address>
         <size>0x2</size>
         <input_file_ref idref="fl-62"/>
      </object_component>
      <object_component id="oc-9d">
         <name>.int37</name>
         <load_address>0xffda</load_address>
         <run_address>0xffda</run_address>
         <size>0x2</size>
         <input_file_ref idref="fl-63"/>
      </object_component>
      <object_component id="oc-9e">
         <name>.int38</name>
         <load_address>0xffdc</load_address>
         <run_address>0xffdc</run_address>
         <size>0x2</size>
         <input_file_ref idref="fl-64"/>
      </object_component>
      <object_component id="oc-9f">
         <name>.int39</name>
         <load_address>0xffde</load_address>
         <run_address>0xffde</run_address>
         <size>0x2</size>
         <input_file_ref idref="fl-3"/>
      </object_component>
      <object_component id="oc-a0">
         <name>.int40</name>
         <load_address>0xffe0</load_address>
         <run_address>0xffe0</run_address>
         <size>0x2</size>
         <input_file_ref idref="fl-65"/>
      </object_component>
      <object_component id="oc-a1">
         <name>.int41</name>
         <load_address>0xffe2</load_address>
         <run_address>0xffe2</run_address>
[...]
         <value>0xffbe</value>
         <object_component_ref idref="oc-8f"/>
      </symbol>
      <symbol id="sm-ac1">
         <name>__TI_int24</name>
         <value>0xffc0</value>
         <object_component_ref idref="oc-90"/>
      </symbol>
      <symbol id="sm-ac4">
         <name>__TI_int25</name>
         <value>0xffc2</value>
         <object_component_ref idref="oc-91"/>
      </symbol>
      <symbol id="sm-ac7">
         <name>__TI_int26</name>
         <value>0xffc4</value>
         <object_component_ref idref="oc-92"/>
      </symbol>
      <symbol id="sm-aca">
         <name>__TI_int27</name>
         <value>0xffc6</value>
         <object_component_ref idref="oc-93"/>
      </symbol>
      <symbol id="sm-acd">
         <name>__TI_int28</name>
         <value>0xffc8</value>
         <object_component_ref idref="oc-94"/>
      </symbol>
      <symbol id="sm-ad0">
         <name>__TI_int29</name>
         <value>0xffca</value>
         <object_component_ref idref="oc-95"/>
      </symbol>
      <symbol id="sm-ad3">
         <name>__TI_int30</name>
         <value>0xffcc</value>
         <object_component_ref idref="oc-96"/>
      </symbol>
      <symbol id="sm-ad6">
         <name>__TI_int31</name>
         <value>0xffce</value>
         <object_component_ref idref="oc-97"/>
      </symbol>
      <symbol id="sm-ad9">
         <name>__TI_int32</name>
         <value>0xffd0</value>
         <object_component_ref idref="oc-98"/>
      </symbol>
      <symbol id="sm-adc">
         <name>__TI_int33</name>
         <value>0xffd2</value>
         <object_component_ref idref="oc-99"/>
      </symbol>
      <symbol id="sm-adf">
         <name>__TI_int34</name>
         <value>0xffd4</value>
         <object_component_ref idref="oc-9a"/>
      </symbol>
      <symbol id="sm-ae2">
         <name>__TI_int35</name>
         <value>0xffd6</value>
         <object_component_ref idref="oc-9b"/>
      </symbol>
      <symbol id="sm-ae5">
         <name>__TI_int36</name>
         <value>0xffd8</value>
         <object_component_ref idref="oc-9c"/>
      </symbol>
      <symbol id="sm-ae8">
         <name>__TI_int37</name>
         <value>0xffda</value>
         <object_component_ref idref="oc-9d"/>
      </symbol>
      <symbol id="sm-aeb">
         <name>__TI_int38</name>
         <value>0xffdc</value>
         <object_component_ref idref="oc-9e"/>
      </symbol>
      <symbol id="sm-aee">
         <name>__TI_int40</name>
         <value>0xffe0</value>
         <object_component_ref idref="oc-a0"/>
      </symbol>
      <symbol id="sm-af1">
         <name>__TI_int41</name>
         <value>0xffe2</value>
         <object_component_ref idref="oc-a1"/>
      </symbol>
      <symbol id="sm-af4">
         <name>__TI_int42</name>
         <value>0xffe4</value>
         <object_component_ref idref="oc-a2"/>
      </symbol>
      <symbol id="sm-af7">
         <name>__TI_int43</name>
         <value>0xffe6</value>
         <object_component_ref idref="oc-a3"/>
      </symbol>
      <symbol id="sm-afa">
         <name>__TI_int44</name>
         <value>0xffe8</value>
         <object_component_ref idref="oc-a4"/>
      </symbol>
      <symbol id="sm-afd">
         <name>__TI_int45</name>
         <value>0xffea</value>
         <object_component_ref idref="oc-a5"/>
      </symbol>
      <symbol id="sm-b00">
         <name>__TI_int46</name>
         <value>0xffec</value>
         <object_component_ref idref="oc-a6"/>
      </symbol>
      <symbol id="sm-b03">
         <name>__TI_int47</name>
         <value>0xffee</value>
         <object_component_ref idref="oc-a7"/>
      </symbol>
      <symbol id="sm-b06">
         <name>__TI_int48</name>
         <value>0xfff0</value>
         <object_component_ref idref="oc-a8"/>
      </symbol>
      <symbol id="sm-b09">
         <name>__TI_int49</name>
         <value>0xfff2</value>
         <object_component_ref idref="oc-a9"/>
      </symbol>
      <symbol id="sm-b0c">
         <name>__TI_int50</name>
         <value>0xfff4</value>
         <object_component_ref idref="oc-aa"/>
      </symbol>
      <symbol id="sm-b0f">
         <name>__TI_int51</name>
         <value>0xfff6</value>
         <object_component_ref idref="oc-ab"/>
      </symbol>
      <symbol id="sm-b12">
         <name>__TI_int52</name>
         <value>0xfff8</value>
         <object_component_ref idref="oc-ac"/>
      </symbol>
      <symbol id="sm-b15">
         <name>__TI_int53</name>
         <value>0xfffa</value>
         <object_component_ref idref="oc-ad"/>
      </symbol>
      <symbol id="sm-b18">
         <name>__TI_int54</name>
         <value>0xfffc</value>
         <object_component_ref idref="oc-ae"/>
      </symbol>
      <symbol id="sm-b2b">
         <name>__TI_zero_init</name>
         <value>0x709c</value>
         <object_component_ref idref="oc-af"/>
      </symbol>
      <symbol id="sm-b46">
         <name>__mspabi_subf</name>
         <value>0x5b4e</value>
         <object_component_ref idref="oc-a98"/>
      </symbol>
      <symbol id="sm-b47">
         <name>__mspabi_addf</name>
         <value>0x5b54</value>
         <object_component_ref idref="oc-a98"/>
      </symbol>
      <symbol id="sm-b66">
         <name>__mspabi_cmpd</name>
         <value>0x5d80</value>
         <object_component_ref idref="oc-93d"/>
      </symbol>
      <symbol id="sm-b76">
         <name>__mspabi_cmpf</name>
         <value>0x6ca4</value>
         <object_component_ref idref="oc-a2d"/>
      </symbol>
      <symbol id="sm-b8e">
         <name>__mspabi_cvtdf</name>
         <value>0x642c</value>
         <object_component_ref idref="oc-ad5"/>
      </symbol>
      <symbol id="sm-b9c">
         <name>__mspabi_cvtfd</name>
         <value>0x6a94</value>
         <object_component_ref idref="oc-937"/>
      </symbol>
      <symbol id="sm-bae">
         <name>__mspabi_divf</name>
         <value>0x6280</value>
         <object_component_ref idref="oc-8c1"/>
      </symbol>
      <symbol id="sm-bba">
         <name>__mspabi_remi</name>
         <value>0x701c</value>
         <object_component_ref idref="oc-a01"/>
      </symbol>
      <symbol id="sm-bbb">
         <name>__mspabi_divi</name>
         <value>0x701c</value>
         <object_component_ref idref="oc-a01"/>
      </symbol>
      <symbol id="sm-bc6">
         <name>__mspabi_remu</name>
         <value>0x7250</value>
         <object_component_ref idref="oc-a40"/>
      </symbol>
      <symbol id="sm-bc7">
         <name>__mspabi_divu</name>
         <value>0x7250</value>
         <object_component_ref idref="oc-a40"/>
      </symbol>
      <symbol id="sm-bd5">
         <name>__mspabi_fltif</name>
         <value>0x6ef4</value>
         <object_component_ref idref="oc-ac5"/>
      </symbol>
      <symbol id="sm-be4">
         <name>__mspabi_fltlif</name>
         <value>0x6cee</value>
         <object_component_ref idref="oc-8bc"/>
      </symbol>
      <symbol id="sm-bfb">
         <name>__mspabi_fltllif</name>
         <value>0x5c80</value>
         <object_component_ref idref="oc-abe"/>
      </symbol>
      <symbol id="sm-c07">
         <name>__mspabi_fltulf</name>
         <value>0x6f90</value>
         <object_component_ref idref="oc-ae8"/>
      </symbol>
      <symbol id="sm-c1e">
         <name>__mspabi_mpyf</name>
         <value>0x5f16</value>
         <object_component_ref idref="oc-aca"/>
      </symbol>
      <symbol id="sm-c27">
         <name>__mspabi_mpyi_f5hw</name>
         <value>0x7222</value>
         <object_component_ref idref="oc-7ed"/>
      </symbol>
      <symbol id="sm-c30">
         <name>__mspabi_mpyl_f5hw</name>
         <value>0x70c0</value>
         <object_component_ref idref="oc-ae3"/>
      </symbol>
      <symbol id="sm-c47">
         <name>__mspabi_slll_9</name>
         <value>0x6e56</value>
         <object_component_ref idref="oc-b3c"/>
      </symbol>
      <symbol id="sm-c48">
         <name>__mspabi_slll_8</name>
         <value>0x6e5a</value>
         <object_component_ref idref="oc-b3c"/>
      </symbol>
      <symbol id="sm-c49">
         <name>__mspabi_slll_7</name>
         <value>0x6e5e</value>
         <object_component_ref idref="oc-b3c"/>
      </symbol>
      <symbol id="sm-c4a">
         <name>__mspabi_slll_6</name>
         <value>0x6e62</value>
         <object_component_ref idref="oc-b3c"/>
      </symbol>
      <symbol id="sm-c4b">
         <name>__mspabi_slll_5</name>
         <value>0x6e66</value>
         <object_component_ref idref="oc-b3c"/>
      </symbol>
      <symbol id="sm-c4c">
         <name>__mspabi_slll_4</name>
         <value>0x6e6a</value>
         <object_component_ref idref="oc-b3c"/>
      </symbol>
      <symbol id="sm-c4d">
         <name>__mspabi_slll_3</name>
         <value>0x6e6e</value>
         <object_component_ref idref="oc-b3c"/>
      </symbol>
      <symbol id="sm-c4e">
         <name>__mspabi_slll_2</name>
         <value>0x6e72</value>
         <object_component_ref idref="oc-b3c"/>
      </symbol>
      <symbol id="sm-c4f">
         <name>__mspabi_slll_1</name>
         <value>0x6e76</value>
         <object_component_ref idref="oc-b3c"/>
      </symbol>
      <symbol id="sm-c50">
         <name>__mspabi_slll</name>
         <value>0x7286</value>
         <object_component_ref idref="oc-b30"/>
      </symbol>
      <symbol id="sm-c51">
         <name>__mspabi_slll_15</name>
         <value>0x6e3e</value>
         <object_component_ref idref="oc-b3c"/>
      </symbol>
      <symbol id="sm-c52">
         <name>__mspabi_slll_14</name>
         <value>0x6e42</value>
         <object_component_ref idref="oc-b3c"/>
      </symbol>
      <symbol id="sm-c53">
         <name>__mspabi_slll_13</name>
         <value>0x6e46</value>
         <object_component_ref idref="oc-b3c"/>
      </symbol>
      <symbol id="sm-c54">
         <name>__mspabi_slll_12</name>
         <value>0x6e4a</value>
         <object_component_ref idref="oc-b3c"/>
      </symbol>
      <symbol id="sm-c55">
         <name>__mspabi_slll_11</name>
         <value>0x6e4e</value>
         <object_component_ref idref="oc-b3c"/>
      </symbol>
      <symbol id="sm-c56">
         <name>__mspabi_slll_10</name>
         <value>0x6e52</value>
         <object_component_ref idref="oc-b3c"/>
      </symbol>
      <symbol id="sm-c67">
         <name>__mspabi_sral</name>
         <value>0x7276</value>
         <object_component_ref idref="oc-b68"/>
      </symbol>
      <symbol id="sm-c68">
         <name>__mspabi_sral_15</name>
         <value>0x6e00</value>
         <object_component_ref idref="oc-774"/>
      </symbol>
      <symbol id="sm-c69">
         <name>__mspabi_sral_14</name>
         <value>0x6e04</value>
         <object_component_ref idref="oc-774"/>
      </symbol>
      <symbol id="sm-c6a">
         <name>__mspabi_sral_13</name>
         <value>0x6e08</value>
         <object_component_ref idref="oc-774"/>
      </symbol>
      <symbol id="sm-c6b">
         <name>__mspabi_sral_12</name>
         <value>0x6e0c</value>
         <object_component_ref idref="oc-774"/>
      </symbol>
      <symbol id="sm-c6c">
         <name>__mspabi_sral_11</name>
         <value>0x6e10</value>
         <object_component_ref idref="oc-774"/>
      </symbol>
      <symbol id="sm-c6d">
         <name>__mspabi_sral_10</name>
         <value>0x6e14</value>
         <object_component_ref idref="oc-774"/>
      </symbol>
      <symbol id="sm-c6e">
         <name>__mspabi_sral_8</name>
         <value>0x6e1c</value>
         <object_component_ref idref="oc-774"/>
      </symbol>
      <symbol id="sm-c6f">
         <name>__mspabi_sral_9</name>
         <value>0x6e18</value>
         <object_component_ref idref="oc-774"/>
      </symbol>
      <symbol id="sm-c70">
         <name>__mspabi_sral_6</name>
         <value>0x6e24</value>
         <object_component_ref idref="oc-774"/>
      </symbol>
      <symbol id="sm-c71">
         <name>__mspabi_sral_7</name>
         <value>0x6e20</value>
         <object_component_ref idref="oc-774"/>
      </symbol>
      <symbol id="sm-c72">
         <name>__mspabi_sral_4</name>
         <value>0x6e2c</value>
         <object_component_ref idref="oc-774"/>
      </symbol>
      <symbol id="sm-c73">
         <name>__mspabi_sral_5</name>
         <value>0x6e28</value>
         <object_component_ref idref="oc-774"/>
      </symbol>
      <symbol id="sm-c74">
         <name>__mspabi_sral_2</name>
         <value>0x6e34</value>
         <object_component_ref idref="oc-774"/>
      </symbol>
      <symbol id="sm-c75">
         <name>__mspabi_sral_3</name>
         <value>0x6e30</value>
         <object_component_ref idref="oc-774"/>
      </symbol>
      <symbol id="sm-c76">
         <name>__mspabi_sral_1</name>
         <value>0x6e38</value>
         <object_component_ref idref="oc-774"/>
      </symbol>
      <symbol id="sm-c83">
         <name>__mspabi_srlll</name>
         <value>0x6eba</value>
         <object_component_ref idref="oc-b0d"/>
      </symbol>
      <symbol id="sm-c8b">
         <name>_stack</name>
         <value>0x2b60</value>
         <object_component_ref idref="oc-6d3"/>
      </symbol>
      <symbol id="sm-c8c">
         <name>_reset_vector</name>
         <value>0xfffe</value>
         <object_component_ref idref="oc-6d6"/>
      </symbol>
      <symbol id="sm-cae">
         <name>_auto_init_hold_wdt</name>
         <value>0x61da</value>
         <object_component_ref idref="oc-707"/>
      </symbol>
      <symbol id="sm-cb8">
         <name>_c_int00_noargs_noexit_mpu</name>
         <value>0x74dc</value>
         <object_component_ref idref="oc-d3"/>
      </symbol>
      <symbol id="sm-cc1">
         <name>__mpu_init</name>
         <value>0x6ff0</value>
         <object_component_ref idref="oc-71a"/>
      </symbol>
      <symbol id="sm-cca">
         <name>_system_post_cinit</name>
         <value>0x73c4</value>
         <object_component_ref idref="oc-779"/>
      </symbol>
      <symbol id="sm-cd3">
         <name>_system_pre_init</name>
         <value>0x737c</value>
         <object_component_ref idref="oc-701"/>
      </symbol>
      <symbol id="sm-cdd">
         <name>C$$EXIT</name>
         <value>0x7370</value>
         <object_component_ref idref="oc-729"/>
      </symbol>
      <symbol id="sm-cde">
         <name>abort</name>
         <value>0x7370</value>
         <object_component_ref idref="oc-729"/>
      </symbol>
      <symbol id="sm-cea">
         <name>abs</name>
         <value>0x72e6</value>
         <object_component_ref idref="oc-af2"/>
      </symbol>
      <symbol id="sm-d05">
         <name>copy_in</name>
         <value>0x6b02</value>
         <object_component_ref idref="oc-76e"/>
      </symbol>
      <symbol id="sm-d14">
         <name>memcpy</name>
         <value>0x7072</value>
         <object_component_ref idref="oc-6e2"/>
      </symbol>
      <symbol id="sm-d23">
         <name>memset</name>
         <value>0x7106</value>
         <object_component_ref idref="oc-a46"/>
      </symbol>
      <symbol id="sm-d53">
         <name>sqrtl</name>
         <value>0x4000</value>
         <object_component_ref idref="oc-acf"/>
      </symbol>
      <symbol id="sm-d54">
         <name>sqrt</name>
         <value>0x4000</value>
         <object_component_ref idref="oc-acf"/>
      </symbol>
      <symbol id="sm-d76">
         <name>__mspabi_addd</name>
         <value>0x42e8</value>
         <object_component_ref idref="oc-b1d"/>
      </symbol>
      <symbol id="sm-d97">
         <name>__TI_frcaddd</name>
         <value>0x501e</value>
         <object_component_ref idref="oc-b52"/>
      </symbol>
      <symbol id="sm-dab">
         <name>__TI_renormd</name>
         <value>0x5fce</value>
         <object_component_ref idref="oc-b6d"/>
      </symbol>
      <symbol id="sm-dcb">
         <name>__mspabi_mpyd</name>
         <value>0x4d9c</value>
         <object_component_ref idref="oc-b17"/>
      </symbol>
      <symbol id="sm-ddc">
         <name>__TI_frcmpyd</name>
         <value>0x4b16</value>
         <object_component_ref idref="oc-b4a"/>
      </symbol>
      <symbol id="sm-dec">
         <name>__mspabi_srll_8</name>
         <value>0x6e98</value>
         <object_component_ref idref="oc-b26"/>
      </symbol>
      <symbol id="sm-ded">
         <name>__mspabi_srll_9</name>
         <value>0x6e94</value>
         <object_component_ref idref="oc-b26"/>
      </symbol>
      <symbol id="sm-dee">
         <name>__mspabi_srll_6</name>
         <value>0x6ea0</value>
         <object_component_ref idref="oc-b26"/>
      </symbol>
      <symbol id="sm-def">
         <name>__mspabi_srll_7</name>
         <value>0x6e9c</value>
         <object_component_ref idref="oc-b26"/>
      </symbol>
      <symbol id="sm-df0">
         <name>__mspabi_srll_4</name>
         <value>0x6ea8</value>
         <object_component_ref idref="oc-b26"/>
      </symbol>
      <symbol id="sm-df1">
         <name>__mspabi_srll_5</name>
         <value>0x6ea4</value>
         <object_component_ref idref="oc-b26"/>
      </symbol>
      <symbol id="sm-df2">
         <name>__mspabi_srll_2</name>
         <value>0x6eb0</value>
         <object_component_ref idref="oc-b26"/>
      </symbol>
      <symbol id="sm-df3">
         <name>__mspabi_srll_3</name>
         <value>0x6eac</value>
         <object_component_ref idref="oc-b26"/>
      </symbol>
      <symbol id="sm-df4">
         <name>__mspabi_srll_1</name>
         <value>0x6eb4</value>
         <object_component_ref idref="oc-b26"/>
      </symbol>
      <symbol id="sm-df5">
         <name>__mspabi_srll_15</name>
         <value>0x6e7c</value>
         <object_component_ref idref="oc-b26"/>
      </symbol>
      <symbol id="sm-df6">
         <name>__mspabi_srll_14</name>
         <value>0x6e80</value>
         <object_component_ref idref="oc-b26"/>
      </symbol>
      <symbol id="sm-df7">
         <name>__mspabi_srll_13</name>
         <value>0x6e84</value>
         <object_component_ref idref="oc-b26"/>
      </symbol>
      <symbol id="sm-df8">
         <name>__mspabi_srll_12</name>
         <value>0x6e88</value>
         <object_component_ref idref="oc-b26"/>
      </symbol>
      <symbol id="sm-df9">
         <name>__mspabi_srll_11</name>
         <value>0x6e8c</value>
         <object_component_ref idref="oc-b26"/>
      </symbol>
      <symbol id="sm-dfa">
         <name>__mspabi_srll_10</name>
         <value>0x6e90</value>
         <object_component_ref idref="oc-b26"/>
      </symbol>
      <symbol id="sm-dfb">
         <name>__mspabi_srll</name>
         <value>0x7296</value>
         <object_component_ref idref="oc-b2b"/>
      </symbol>
      <symbol id="sm-e02">
         <name>errno</name>
         <value>0x1c36</value>
         <object_component_ref idref="oc-b23"/>
      </symbol>
      <symbol id="sm-e07">
         <name>__TI_BINIT_Base</name>
         <value>0x0</value>
      </symbol>
      <symbol id="sm-e08">
         <name>__TI_BINIT_Limit</name>
         <value>0x0</value>
      </symbol>
      <symbol id="sm-e09">
         <name>__TI_INITARRAY_Base</name>
         <value>0x0</value>
      </symbol>
      <symbol id="sm-e0a">
         <name>__TI_INITARRAY_Limit</name>
         <value>0x0</value>
      </symbol>
   </symbol_table>
   <title>Link successful</title>
</link_info>
